Archive member included to satisfy reference by file (symbol)

/opt/st/stm32cubeide_1.7.0/plugins/com.st.stm32cube.ide.mcu.externaltools.gnu-tools-for-stm32.9-2020-q2-update.linux64_2.0.0.202105311346/tools/bin/../lib/gcc/arm-none-eabi/9.3.1/../../../../arm-none-eabi/lib/thumb/v7e-m+fp/hard/libc_nano.a(lib_a-errno.o)
                              ./Core/Src/syscalls.o (__errno)
/opt/st/stm32cubeide_1.7.0/plugins/com.st.stm32cube.ide.mcu.externaltools.gnu-tools-for-stm32.9-2020-q2-update.linux64_2.0.0.202105311346/tools/bin/../lib/gcc/arm-none-eabi/9.3.1/../../../../arm-none-eabi/lib/thumb/v7e-m+fp/hard/libc_nano.a(lib_a-exit.o)
                              /opt/st/stm32cubeide_1.7.0/plugins/com.st.stm32cube.ide.mcu.externaltools.gnu-tools-for-stm32.9-2020-q2-update.linux64_2.0.0.202105311346/tools/bin/../lib/gcc/arm-none-eabi/9.3.1/../../../../arm-none-eabi/lib/thumb/v7e-m+fp/hard/crt0.o (exit)
/opt/st/stm32cubeide_1.7.0/plugins/com.st.stm32cube.ide.mcu.externaltools.gnu-tools-for-stm32.9-2020-q2-update.linux64_2.0.0.202105311346/tools/bin/../lib/gcc/arm-none-eabi/9.3.1/../../../../arm-none-eabi/lib/thumb/v7e-m+fp/hard/libc_nano.a(lib_a-impure.o)
                              /opt/st/stm32cubeide_1.7.0/plugins/com.st.stm32cube.ide.mcu.externaltools.gnu-tools-for-stm32.9-2020-q2-update.linux64_2.0.0.202105311346/tools/bin/../lib/gcc/arm-none-eabi/9.3.1/../../../../arm-none-eabi/lib/thumb/v7e-m+fp/hard/libc_nano.a(lib_a-exit.o) (_global_impure_ptr)
/opt/st/stm32cubeide_1.7.0/plugins/com.st.stm32cube.ide.mcu.externaltools.gnu-tools-for-stm32.9-2020-q2-update.linux64_2.0.0.202105311346/tools/bin/../lib/gcc/arm-none-eabi/9.3.1/../../../../arm-none-eabi/lib/thumb/v7e-m+fp/hard/libc_nano.a(lib_a-init.o)
                              /opt/st/stm32cubeide_1.7.0/plugins/com.st.stm32cube.ide.mcu.externaltools.gnu-tools-for-stm32.9-2020-q2-update.linux64_2.0.0.202105311346/tools/bin/../lib/gcc/arm-none-eabi/9.3.1/../../../../arm-none-eabi/lib/thumb/v7e-m+fp/hard/crt0.o (__libc_init_array)
/opt/st/stm32cubeide_1.7.0/plugins/com.st.stm32cube.ide.mcu.externaltools.gnu-tools-for-stm32.9-2020-q2-update.linux64_2.0.0.202105311346/tools/bin/../lib/gcc/arm-none-eabi/9.3.1/../../../../arm-none-eabi/lib/thumb/v7e-m+fp/hard/libc_nano.a(lib_a-memset.o)
                              /opt/st/stm32cubeide_1.7.0/plugins/com.st.stm32cube.ide.mcu.externaltools.gnu-tools-for-stm32.9-2020-q2-update.linux64_2.0.0.202105311346/tools/bin/../lib/gcc/arm-none-eabi/9.3.1/../../../../arm-none-eabi/lib/thumb/v7e-m+fp/hard/crt0.o (memset)
/opt/st/stm32cubeide_1.7.0/plugins/com.st.stm32cube.ide.mcu.externaltools.gnu-tools-for-stm32.9-2020-q2-update.linux64_2.0.0.202105311346/tools/bin/../lib/gcc/arm-none-eabi/9.3.1/../../../../arm-none-eabi/lib/thumb/v7e-m+fp/hard/libm.a(lib_a-s_sin.o)
                              ./Core/Src/signals.o (sin)
/opt/st/stm32cubeide_1.7.0/plugins/com.st.stm32cube.ide.mcu.externaltools.gnu-tools-for-stm32.9-2020-q2-update.linux64_2.0.0.202105311346/tools/bin/../lib/gcc/arm-none-eabi/9.3.1/../../../../arm-none-eabi/lib/thumb/v7e-m+fp/hard/libm.a(lib_a-e_rem_pio2.o)
                              /opt/st/stm32cubeide_1.7.0/plugins/com.st.stm32cube.ide.mcu.externaltools.gnu-tools-for-stm32.9-2020-q2-update.linux64_2.0.0.202105311346/tools/bin/../lib/gcc/arm-none-eabi/9.3.1/../../../../arm-none-eabi/lib/thumb/v7e-m+fp/hard/libm.a(lib_a-s_sin.o) (__ieee754_rem_pio2)
/opt/st/stm32cubeide_1.7.0/plugins/com.st.stm32cube.ide.mcu.externaltools.gnu-tools-for-stm32.9-2020-q2-update.linux64_2.0.0.202105311346/tools/bin/../lib/gcc/arm-none-eabi/9.3.1/../../../../arm-none-eabi/lib/thumb/v7e-m+fp/hard/libm.a(lib_a-k_cos.o)
                              /opt/st/stm32cubeide_1.7.0/plugins/com.st.stm32cube.ide.mcu.externaltools.gnu-tools-for-stm32.9-2020-q2-update.linux64_2.0.0.202105311346/tools/bin/../lib/gcc/arm-none-eabi/9.3.1/../../../../arm-none-eabi/lib/thumb/v7e-m+fp/hard/libm.a(lib_a-s_sin.o) (__kernel_cos)
/opt/st/stm32cubeide_1.7.0/plugins/com.st.stm32cube.ide.mcu.externaltools.gnu-tools-for-stm32.9-2020-q2-update.linux64_2.0.0.202105311346/tools/bin/../lib/gcc/arm-none-eabi/9.3.1/../../../../arm-none-eabi/lib/thumb/v7e-m+fp/hard/libm.a(lib_a-k_rem_pio2.o)
                              /opt/st/stm32cubeide_1.7.0/plugins/com.st.stm32cube.ide.mcu.externaltools.gnu-tools-for-stm32.9-2020-q2-update.linux64_2.0.0.202105311346/tools/bin/../lib/gcc/arm-none-eabi/9.3.1/../../../../arm-none-eabi/lib/thumb/v7e-m+fp/hard/libm.a(lib_a-e_rem_pio2.o) (__kernel_rem_pio2)
/opt/st/stm32cubeide_1.7.0/plugins/com.st.stm32cube.ide.mcu.externaltools.gnu-tools-for-stm32.9-2020-q2-update.linux64_2.0.0.202105311346/tools/bin/../lib/gcc/arm-none-eabi/9.3.1/../../../../arm-none-eabi/lib/thumb/v7e-m+fp/hard/libm.a(lib_a-k_sin.o)
[...]
Memory Configuration

Name             Origin             Length             Attributes
CCMRAM           0x0000000010000000 0x0000000000010000 xrw
RAM              0x0000000020000000 0x0000000000020000 xrw
FLASH            0x0000000008000000 0x0000000000100000 xr
*default*        0x0000000000000000 0xffffffffffffffff

Linker script and memory map

LOAD /opt/st/stm32cubeide_1.7.0/plugins/com.st.stm32cube.ide.mcu.externaltools.gnu-tools-for-stm32.9-2020-q2-update.linux64_2.0.0.202105311346/tools/bin/../lib/gcc/arm-none-eabi/9.3.1/thumb/v7e-m+fp/hard/crti.o
LOAD /opt/st/stm32cubeide_1.7.0/plugins/com.st.stm32cube.ide.mcu.externaltools.gnu-tools-for-stm32.9-2020-q2-update.linux64_2.0.0.202105311346/tools/bin/../lib/gcc/arm-none-eabi/9.3.1/thumb/v7e-m+fp/hard/crtbegin.o
LOAD /opt/st/stm32cubeide_1.7.0/plugins/com.st.stm32cube.ide.mcu.externaltools.gnu-tools-for-stm32.9-2020-q2-update.linux64_2.0.0.202105311346/tools/bin/../lib/gcc/arm-none-eabi/9.3.1/../../../../arm-none-eabi/lib/thumb/v7e-m+fp/hard/crt0.o
LOAD ./Core/Src/audio.o
LOAD ./Core/Src/dma.o
LOAD ./Core/Src/gpio.o
LOAD ./Core/Src/i2c.o
LOAD ./Core/Src/i2s.o
LOAD ./Core/Src/main.o
LOAD ./Core/Src/signals.o
LOAD ./Core/Src/stm32f4xx_hal_msp.o
LOAD ./Core/Src/stm32f4xx_it.o
LOAD ./Core/Src/syscalls.o
LOAD ./Core/Src/sysmem.o
LOAD ./Core/Src/system_stm32f4xx.o
LOAD ./Core/Src/usart.o
LOAD ./Core/Startup/startup_stm32f407vgtx.o
LOAD ./Drivers/STM32F4xx_HAL_Driver/Src/stm32f4xx_hal.o
LOAD ./Drivers/STM32F4xx_HAL_Driver/Src/stm32f4xx_hal_cortex.o
LOAD ./Drivers/STM32F4xx_HAL_Driver/Src/stm32f4xx_hal_dma.o
LOAD ./Drivers/STM32F4xx_HAL_Driver/Src/stm32f4xx_hal_dma_ex.o
LOAD ./Drivers/STM32F4xx_HAL_Driver/Src/stm32f4xx_hal_exti.o
LOAD ./Drivers/STM32F4xx_HAL_Driver/Src/stm32f4xx_hal_flash.o
LOAD ./Drivers/STM32F4xx_HAL_Driver/Src/stm32f4xx_hal_flash_ex.o
LOAD ./Drivers/STM32F4xx_HAL_Driver/Src/stm32f4xx_hal_flash_ramfunc.o
LOAD ./Drivers/STM32F4xx_HAL_Driver/Src/stm32f4xx_hal_gpio.o
LOAD ./Drivers/STM32F4xx_HAL_Driver/Src/stm32f4xx_hal_i2c.o
LOAD ./Drivers/STM32F4xx_HAL_Driver/Src/stm32f4xx_hal_i2c_ex.o
LOAD ./Drivers/STM32F4xx_HAL_Driver/Src/stm32f4xx_hal_i2s.o
LOAD ./Drivers/STM32F4xx_HAL_Driver/Src/stm32f4xx_hal_i2s_ex.o
LOAD ./Drivers/STM32F4xx_HAL_Driver/Src/stm32f4xx_hal_pwr.o
LOAD ./Drivers/STM32F4xx_HAL_Driver/Src/stm32f4xx_hal_pwr_ex.o
LOAD ./Drivers/STM32F4xx_HAL_Driver/Src/stm32f4xx_hal_rcc.o
LOAD ./Drivers/STM32F4xx_HAL_Driver/Src/stm32f4xx_hal_rcc_ex.o
LOAD ./Drivers/STM32F4xx_HAL_Driver/Src/stm32f4xx_hal_tim.o
LOAD ./Drivers/STM32F4xx_HAL_Driver/Src/stm32f4xx_hal_tim_ex.o
LOAD ./Drivers/STM32F4xx_HAL_Driver/Src/stm32f4xx_hal_uart.o
START GROUP
LOAD /opt/st/stm32cubeide_1.7.0/plugins/com.st.stm32cube.ide.mcu.externaltools.gnu-tools-for-stm32.9-2020-q2-update.linux64_2.0.0.202105311346/tools/bin/../lib/gcc/arm-none-eabi/9.3.1/../../../../arm-none-eabi/lib/thumb/v7e-m+fp/hard/libc_nano.a
LOAD /opt/st/stm32cubeide_1.7.0/plugins/com.st.stm32cube.ide.mcu.externaltools.gnu-tools-for-stm32.9-2020-q2-update.linux64_2.0.0.202105311346/tools/bin/../lib/gcc/arm-none-eabi/9.3.1/../../../../arm-none-eabi/lib/thumb/v7e-m+fp/hard/libm.a
END GROUP
START GROUP
LOAD /opt/st/stm32cubeide_1.7.0/plugins/com.st.stm32cube.ide.mcu.externaltools.gnu-tools-for-stm32.9-2020-q2-update.linux64_2.0.0.202105311346/tools/bin/../lib/gcc/arm-none-eabi/9.3.1/thumb/v7e-m+fp/hard/libgcc.a
LOAD /opt/st/stm32cubeide_1.7.0/plugins/com.st.stm32cube.ide.mcu.externaltools.gnu-tools-for-stm32.9-2020-q2-update.linux64_2.0.0.202105311346/tools/bin/../lib/gcc/arm-none-eabi/9.3.1/../../../../arm-none-eabi/lib/thumb/v7e-m+fp/hard/libc_nano.a
END GROUP
START GROUP
LOAD /opt/st/stm32cubeide_1.7.0/plugins/com.st.stm32cube.ide.mcu.externaltools.gnu-tools-for-stm32.9-2020-q2-update.linux64_2.0.0.202105311346/tools/bin/../lib/gcc/arm-none-eabi/9.3.1/thumb/v7e-m+fp/hard/libgcc.a
LOAD /opt/st/stm32cubeide_1.7.0/plugins/com.st.stm32cube.ide.mcu.externaltools.gnu-tools-for-stm32.9-2020-q2-update.linux64_2.0.0.202105311346/tools/bin/../lib/gcc/arm-none-eabi/9.3.1/../../../../arm-none-eabi/lib/thumb/v7e-m+fp/hard/libc_nano.a
LOAD /opt/st/stm32cubeide_1.7.0/plugins/com.st.stm32cube.ide.mcu.externaltools.gnu-tools-for-stm32.9-2020-q2-update.linux64_2.0.0.202105311346/tools/bin/../lib/gcc/arm-none-eabi/9.3.1/../../../../arm-none-eabi/lib/thumb/v7e-m+fp/hard/libnosys.a
END GROUP
START GROUP
LOAD /opt/st/stm32cubeide_1.7.0/plugins/com.st.stm32cube.ide.mcu.externaltools.gnu-tools-for-stm32.9-2020-q2-update.linux64_2.0.0.202105311346/tools/bin/../lib/gcc/arm-none-eabi/9.3.1/thumb/v7e-m+fp/hard/libgcc.a
LOAD /opt/st/stm32cubeide_1.7.0/plugins/com.st.stm32cube.ide.mcu.externaltools.gnu-tools-for-stm32.9-2020-q2-update.linux64_2.0.0.202105311346/tools/bin/../lib/gcc/arm-none-eabi/9.3.1/../../../../arm-none-eabi/lib/thumb/v7e-m+fp/hard/libc_nano.a
LOAD /opt/st/stm32cubeide_1.7.0/plugins/com.st.stm32cube.ide.mcu.externaltools.gnu-tools-for-stm32.9-2020-q2-update.linux64_2.0.0.202105311346/tools/bin/../lib/gcc/arm-none-eabi/9.3.1/../../../../arm-none-eabi/lib/thumb/v7e-m+fp/hard/libnosys.a
END GROUP
LOAD /opt/st/stm32cubeide_1.7.0/plugins/com.st.stm32cube.ide.mcu.externaltools.gnu-tools-for-stm32.9-2020-q2-update.linux64_2.0.0.202105311346/tools/bin/../lib/gcc/arm-none-eabi/9.3.1/thumb/v7e-m+fp/hard/crtend.o
LOAD /opt/st/stm32cubeide_1.7.0/plugins/com.st.stm32cube.ide.mcu.externaltools.gnu-tools-for-stm32.9-2020-q2-update.linux64_2.0.0.202105311346/tools/bin/../lib/gcc/arm-none-eabi/9.3.1/thumb/v7e-m+fp/hard/crtn.o
                0x0000000020020000                _estack = (ORIGIN (RAM) + LENGTH (RAM))
                0x0000000000000200                _Min_Heap_Size = 0x200
                0x0000000000000400                _Min_Stack_Size = 0x400

.isr_vector     0x0000000008000000      0x188
                0x0000000008000000                . = ALIGN (0x4)
 *(.isr_vector)
 .isr_vector    0x0000000008000000      0x188 ./Core/Startup/startup_stm32f407vgtx.o
                0x0000000008000000                g_pfnVectors
                0x0000000008000188                . = ALIGN (0x4)

.text           0x0000000008000188     0x68d4
                0x0000000008000188                . = ALIGN (0x4)
 *(.text)
 .text          0x0000000008000188       0x40 /opt/st/stm32cubeide_1.7.0/plugins/com.st.stm32cube.ide.mcu.externaltools.gnu-tools-for-stm32.9-2020-q2-update.linux64_2.0.0.202105311346/tools/bin/../lib/gcc/arm-none-eabi/9.3.1/thumb/v7e-m+fp/hard/crtbegin.o
 .text          0x00000000080001c8      0x254 /opt/st/stm32cubeide_1.7.0/plugins/com.st.stm32cube.ide.mcu.externaltools.gnu-tools-for-stm32.9-2020-q2-update.linux64_2.0.0.202105311346/tools/bin/../lib/gcc/arm-none-eabi/9.3.1/thumb/v7e-m+fp/hard/libgcc.a(_arm_muldf3.o)
                0x00000000080001c8                __aeabi_dmul
                0x00000000080001c8                __muldf3
 .text          0x000000000800041c      0x378 /opt/st/stm32cubeide_1.7.0/plugins/com.st.stm32cube.ide.mcu.externaltools.gnu-tools-for-stm32.9-2020-q2-update.linux64_2.0.0.202105311346/tools/bin/../lib/gcc/arm-none-eabi/9.3.1/thumb/v7e-m+fp/hard/libgcc.a(_arm_addsubdf3.o)
                0x000000000800041c                __aeabi_drsub
                0x0000000008000424                __aeabi_dsub
                0x0000000008000424                __subdf3
                0x0000000008000428                __adddf3
                0x0000000008000428                __aeabi_dadd
                0x00000000080006a0                __aeabi_ui2d
                0x00000000080006a0                __floatunsidf
                0x00000000080006c0                __floatsidf
                0x00000000080006c0                __aeabi_i2d
                0x00000000080006e4                __extendsfdf2
                0x00000000080006e4                __aeabi_f2d
                0x0000000008000728                __aeabi_ul2d
                0x0000000008000728                __floatundidf
                0x0000000008000738                __floatdidf
                0x0000000008000738                __aeabi_l2d
 .text          0x0000000008000794      0x110 /opt/st/stm32cubeide_1.7.0/plugins/com.st.stm32cube.ide.mcu.externaltools.gnu-tools-for-stm32.9-2020-q2-update.linux64_2.0.0.202105311346/tools/bin/../lib/gcc/arm-none-eabi/9.3.1/thumb/v7e-m+fp/hard/libgcc.a(_arm_cmpdf2.o)
                0x0000000008000794                __gtdf2
                0x0000000008000794                __gedf2
                0x000000000800079c                __ltdf2
                0x000000000800079c                __ledf2
                0x00000000080007a4                __cmpdf2
                0x00000000080007a4                __eqdf2
                0x00000000080007a4                __nedf2
                0x0000000008000820                __aeabi_cdrcmple
                0x0000000008000830                __aeabi_cdcmple
                0x0000000008000830                __aeabi_cdcmpeq
                0x0000000008000840                __aeabi_dcmpeq
                0x0000000008000854                __aeabi_dcmplt
                0x0000000008000868                __aeabi_dcmple
                0x000000000800087c                __aeabi_dcmpge
                0x0000000008000890                __aeabi_dcmpgt
 .text          0x00000000080008a4       0x50 /opt/st/stm32cubeide_1.7.0/plugins/com.st.stm32cube.ide.mcu.externaltools.gnu-tools-for-stm32.9-2020-q2-update.linux64_2.0.0.202105311346/tools/bin/../lib/gcc/arm-none-eabi/9.3.1/thumb/v7e-m+fp/hard/libgcc.a(_arm_fixdfsi.o)
                0x00000000080008a4                __fixdfsi
                0x00000000080008a4                __aeabi_d2iz
 .text          0x00000000080008f4       0x40 /opt/st/stm32cubeide_1.7.0/plugins/com.st.stm32cube.ide.mcu.externaltools.gnu-tools-for-stm32.9-2020-q2-update.linux64_2.0.0.202105311346/tools/bin/../lib/gcc/arm-none-eabi/9.3.1/thumb/v7e-m+fp/hard/libgcc.a(_arm_fixunsdfsi.o)
                0x00000000080008f4                __fixunsdfsi
                0x00000000080008f4                __aeabi_d2uiz
 .text          0x0000000008000934       0x30 /opt/st/stm32cubeide_1.7.0/plugins/com.st.stm32cube.ide.mcu.externaltools.gnu-tools-for-stm32.9-2020-q2-update.linux64_2.0.0.202105311346/tools/bin/../lib/gcc/arm-none-eabi/9.3.1/thumb/v7e-m+fp/hard/libgcc.a(_aeabi_uldivmod.o)
                0x0000000008000934                __aeabi_uldivmod
 .text          0x0000000008000964      0x2c4 /opt/st/stm32cubeide_1.7.0/plugins/com.st.stm32cube.ide.mcu.externaltools.gnu-tools-for-stm32.9-2020-q2-update.linux64_2.0.0.202105311346/tools/bin/../lib/gcc/arm-none-eabi/9.3.1/thumb/v7e-m+fp/hard/libgcc.a(_udivmoddi4.o)
                0x0000000008000964                __udivmoddi4
 .text          0x0000000008000c28        0x4 /opt/st/stm32cubeide_1.7.0/plugins/com.st.stm32cube.ide.mcu.externaltools.gnu-tools-for-stm32.9-2020-q2-update.linux64_2.0.0.202105311346/tools/bin/../lib/gcc/arm-none-eabi/9.3.1/thumb/v7e-m+fp/hard/libgcc.a(_dvmd_tls.o)
                0x0000000008000c28                __aeabi_ldiv0
                0x0000000008000c28                __aeabi_idiv0
 *(.text*)
 .text.init_AudioReset
                0x0000000008000c2c       0x18 ./Core/Src/audio.o
                0x0000000008000c2c                init_AudioReset
 .text.configAudio
                0x0000000008000c44      0x1e0 ./Core/Src/audio.o
                0x0000000008000c44                configAudio
 .text.MX_DMA_Init
                0x0000000008000e24       0x40 ./Core/Src/dma.o
                0x0000000008000e24                MX_DMA_Init
 .text.MX_GPIO_Init
                0x0000000008000e64       0xf8 ./Core/Src/gpio.o
                0x0000000008000e64                MX_GPIO_Init
 .text.MX_I2C1_Init
                0x0000000008000f5c       0x5c ./Core/Src/i2c.o
                0x0000000008000f5c                MX_I2C1_Init
 .text.HAL_I2C_MspInit
                0x0000000008000fb8       0x90 ./Core/Src/i2c.o
                0x0000000008000fb8                HAL_I2C_MspInit
 .text.MX_I2S3_Init
                0x0000000008001048       0x5c ./Core/Src/i2s.o
                0x0000000008001048                MX_I2S3_Init
 .text.HAL_I2S_MspInit
                0x00000000080010a4      0x17c ./Core/Src/i2s.o
                0x00000000080010a4                HAL_I2S_MspInit
 .text.main     0x0000000008001220      0x244 ./Core/Src/main.o
                0x0000000008001220                main
 .text.SystemClock_Config
                0x0000000008001464       0xd4 ./Core/Src/main.o
                0x0000000008001464                SystemClock_Config
 .text.Error_Handler
                0x0000000008001538        0xa ./Core/Src/main.o
                0x0000000008001538                Error_Handler
 *fill*         0x0000000008001542        0x2 
 .text.generateSignals
                0x0000000008001544       0xf8 ./Core/Src/signals.o
                0x0000000008001544                generateSignals
 *fill*         0x000000000800163c        0x4 
 .text.sampling
                0x0000000008001640       0xe8 ./Core/Src/signals.o
                0x0000000008001640                sampling
 .text.HAL_MspInit
                0x0000000008001728       0x50 ./Core/Src/stm32f4xx_hal_msp.o
                0x0000000008001728                HAL_MspInit
 .text.NMI_Handler
                0x0000000008001778        0x6 ./Core/Src/stm32f4xx_it.o
                0x0000000008001778                NMI_Handler
 .text.HardFault_Handler
                0x000000000800177e        0x6 ./Core/Src/stm32f4xx_it.o
                0x000000000800177e                HardFault_Handler
 .text.MemManage_Handler
                0x0000000008001784        0x6 ./Core/Src/stm32f4xx_it.o
                0x0000000008001784                MemManage_Handler
 .text.BusFault_Handler
                0x000000000800178a        0x6 ./Core/Src/stm32f4xx_it.o
                0x000000000800178a                BusFault_Handler
 .text.UsageFault_Handler
                0x0000000008001790        0x6 ./Core/Src/stm32f4xx_it.o
                0x0000000008001790                UsageFault_Handler
 .text.SVC_Handler
                0x0000000008001796        0xe ./Core/Src/stm32f4xx_it.o
                0x0000000008001796                SVC_Handler
 .text.DebugMon_Handler
                0x00000000080017a4        0xe ./Core/Src/stm32f4xx_it.o
                0x00000000080017a4                DebugMon_Handler
 .text.PendSV_Handler
                0x00000000080017b2        0xe ./Core/Src/stm32f4xx_it.o
                0x00000000080017b2                PendSV_Handler
 .text.SysTick_Handler
                0x00000000080017c0        0xc ./Core/Src/stm32f4xx_it.o
                0x00000000080017c0                SysTick_Handler
 .text.DMA1_Stream5_IRQHandler
                0x00000000080017cc       0x14 ./Core/Src/stm32f4xx_it.o
                0x00000000080017cc                DMA1_Stream5_IRQHandler
 .text.USART2_IRQHandler
                0x00000000080017e0       0x18 ./Core/Src/stm32f4xx_it.o
                0x00000000080017e0                USART2_IRQHandler
 .text.SystemInit
                0x00000000080017f8       0x24 ./Core/Src/system_stm32f4xx.o
                0x00000000080017f8                SystemInit
 .text.MX_USART2_UART_Init
                0x000000000800181c       0x64 ./Core/Src/usart.o
                0x000000000800181c                MX_USART2_UART_Init
 .text.HAL_UART_MspInit
                0x0000000008001880       0xa0 ./Core/Src/usart.o
                0x0000000008001880                HAL_UART_MspInit
 .text.USER_UART_IRQHandler
                0x0000000008001920       0x84 ./Core/Src/usart.o
                0x0000000008001920                USER_UART_IRQHandler
 .text.USART2_Dequeue
                0x00000000080019a4       0x68 ./Core/Src/usart.o
                0x00000000080019a4                USART2_Dequeue
 .text.Reset_Handler
                0x0000000008001a0c       0x50 ./Core/Startup/startup_stm32f407vgtx.o
                0x0000000008001a0c                Reset_Handler
 .text.Default_Handler
                0x0000000008001a5c        0x2 ./Core/Startup/startup_stm32f407vgtx.o
                0x0000000008001a5c                RTC_Alarm_IRQHandler
                0x0000000008001a5c                HASH_RNG_IRQHandler
                0x0000000008001a5c                EXTI2_IRQHandler
                0x0000000008001a5c                TIM8_CC_IRQHandler
                0x0000000008001a5c                TIM1_CC_IRQHandler
                0x0000000008001a5c                DMA2_Stream5_IRQHandler
                0x0000000008001a5c                PVD_IRQHandler
                0x0000000008001a5c                SDIO_IRQHandler
                0x0000000008001a5c                TAMP_STAMP_IRQHandler
                0x0000000008001a5c                CAN2_RX1_IRQHandler
                0x0000000008001a5c                EXTI3_IRQHandler
                0x0000000008001a5c                TIM8_TRG_COM_TIM14_IRQHandler
                0x0000000008001a5c                TIM1_UP_TIM10_IRQHandler
                0x0000000008001a5c                TIM8_UP_TIM13_IRQHandler
                0x0000000008001a5c                I2C3_ER_IRQHandler
                0x0000000008001a5c                EXTI0_IRQHandler
                0x0000000008001a5c                I2C2_EV_IRQHandler
                0x0000000008001a5c                DMA1_Stream2_IRQHandler
                0x0000000008001a5c                CAN1_RX0_IRQHandler
                0x0000000008001a5c                FPU_IRQHandler
                0x0000000008001a5c                OTG_HS_WKUP_IRQHandler
                0x0000000008001a5c                CAN2_SCE_IRQHandler
                0x0000000008001a5c                DMA2_Stream2_IRQHandler
                0x0000000008001a5c                SPI1_IRQHandler
                0x0000000008001a5c                TIM6_DAC_IRQHandler
                0x0000000008001a5c                TIM1_BRK_TIM9_IRQHandler
                0x0000000008001a5c                DCMI_IRQHandler
                0x0000000008001a5c                CAN2_RX0_IRQHandler
                0x0000000008001a5c                DMA2_Stream3_IRQHandler
                0x0000000008001a5c                USART6_IRQHandler
                0x0000000008001a5c                USART3_IRQHandler
                0x0000000008001a5c                CAN1_RX1_IRQHandler
                0x0000000008001a5c                UART5_IRQHandler
                0x0000000008001a5c                DMA2_Stream0_IRQHandler
                0x0000000008001a5c                TIM4_IRQHandler
                0x0000000008001a5c                I2C1_EV_IRQHandler
                0x0000000008001a5c                DMA1_Stream6_IRQHandler
                0x0000000008001a5c                DMA1_Stream1_IRQHandler
                0x0000000008001a5c                UART4_IRQHandler
                0x0000000008001a5c                TIM3_IRQHandler
                0x0000000008001a5c                RCC_IRQHandler
                0x0000000008001a5c                TIM8_BRK_TIM12_IRQHandler
                0x0000000008001a5c                Default_Handler
                0x0000000008001a5c                EXTI15_10_IRQHandler
                0x0000000008001a5c                ADC_IRQHandler
                0x0000000008001a5c                DMA1_Stream7_IRQHandler
                0x0000000008001a5c                TIM7_IRQHandler
                0x0000000008001a5c                CAN2_TX_IRQHandler
                0x0000000008001a5c                TIM5_IRQHandler
                0x0000000008001a5c                DMA2_Stream7_IRQHandler
                0x0000000008001a5c                I2C3_EV_IRQHandler
                0x0000000008001a5c                EXTI9_5_IRQHandler
                0x0000000008001a5c                RTC_WKUP_IRQHandler
                0x0000000008001a5c                ETH_WKUP_IRQHandler
                0x0000000008001a5c                SPI2_IRQHandler
                0x0000000008001a5c                OTG_HS_EP1_IN_IRQHandler
                0x0000000008001a5c                DMA1_Stream0_IRQHandler
                0x0000000008001a5c                CAN1_TX_IRQHandler
                0x0000000008001a5c                EXTI4_IRQHandler
                0x0000000008001a5c                FSMC_IRQHandler
                0x0000000008001a5c                ETH_IRQHandler
                0x0000000008001a5c                OTG_HS_EP1_OUT_IRQHandler
                0x0000000008001a5c                WWDG_IRQHandler
                0x0000000008001a5c                TIM2_IRQHandler
                0x0000000008001a5c                OTG_FS_WKUP_IRQHandler
                0x0000000008001a5c                TIM1_TRG_COM_TIM11_IRQHandler
                0x0000000008001a5c                OTG_HS_IRQHandler
                0x0000000008001a5c                EXTI1_IRQHandler
                0x0000000008001a5c                I2C2_ER_IRQHandler
                0x0000000008001a5c                DMA2_Stream1_IRQHandler
                0x0000000008001a5c                CAN1_SCE_IRQHandler
                0x0000000008001a5c                FLASH_IRQHandler
                0x0000000008001a5c                DMA2_Stream4_IRQHandler
                0x0000000008001a5c                USART1_IRQHandler
                0x0000000008001a5c                OTG_FS_IRQHandler
                0x0000000008001a5c                SPI3_IRQHandler
                0x0000000008001a5c                DMA1_Stream4_IRQHandler
                0x0000000008001a5c                I2C1_ER_IRQHandler
                0x0000000008001a5c                DMA2_Stream6_IRQHandler
                0x0000000008001a5c                DMA1_Stream3_IRQHandler
 *fill*         0x0000000008001a5e        0x2 
 .text.HAL_Init
                0x0000000008001a60       0x44 ./Drivers/STM32F4xx_HAL_Driver/Src/stm32f4xx_hal.o
                0x0000000008001a60                HAL_Init
 .text.HAL_InitTick
                0x0000000008001aa4       0x60 ./Drivers/STM32F4xx_HAL_Driver/Src/stm32f4xx_hal.o
                0x0000000008001aa4                HAL_InitTick
 .text.HAL_IncTick
                0x0000000008001b04       0x28 ./Drivers/STM32F4xx_HAL_Driver/Src/stm32f4xx_hal.o
                0x0000000008001b04                HAL_IncTick
 .text.HAL_GetTick
                0x0000000008001b2c       0x18 ./Drivers/STM32F4xx_HAL_Driver/Src/stm32f4xx_hal.o
                0x0000000008001b2c                HAL_GetTick
 .text.__NVIC_SetPriorityGrouping
                0x0000000008001b44       0x48 ./Drivers/STM32F4xx_HAL_Driver/Src/stm32f4xx_hal_cortex.o
 .text.__NVIC_GetPriorityGrouping
                0x0000000008001b8c       0x1c ./Drivers/STM32F4xx_HAL_Driver/Src/stm32f4xx_hal_cortex.o
 .text.__NVIC_EnableIRQ
                0x0000000008001ba8       0x3c ./Drivers/STM32F4xx_HAL_Driver/Src/stm32f4xx_hal_cortex.o
 .text.__NVIC_DisableIRQ
                0x0000000008001be4       0x48 ./Drivers/STM32F4xx_HAL_Driver/Src/stm32f4xx_hal_cortex.o
 .text.__NVIC_SetPriority
                0x0000000008001c2c       0x54 ./Drivers/STM32F4xx_HAL_Driver/Src/stm32f4xx_hal_cortex.o
 .text.NVIC_EncodePriority
                0x0000000008001c80       0x66 ./Drivers/STM32F4xx_HAL_Driver/Src/stm32f4xx_hal_cortex.o
 *fill*         0x0000000008001ce6        0x2 
 .text.SysTick_Config
                0x0000000008001ce8       0x44 ./Drivers/STM32F4xx_HAL_Driver/Src/stm32f4xx_hal_cortex.o
 .text.HAL_NVIC_SetPriorityGrouping
                0x0000000008001d2c       0x16 ./Drivers/STM32F4xx_HAL_Driver/Src/stm32f4xx_hal_cortex.o
                0x0000000008001d2c                HAL_NVIC_SetPriorityGrouping
 .text.HAL_NVIC_SetPriority
                0x0000000008001d42       0x38 ./Drivers/STM32F4xx_HAL_Driver/Src/stm32f4xx_hal_cortex.o
                0x0000000008001d42                HAL_NVIC_SetPriority
 .text.HAL_NVIC_EnableIRQ
                0x0000000008001d7a       0x1c ./Drivers/STM32F4xx_HAL_Driver/Src/stm32f4xx_hal_cortex.o
                0x0000000008001d7a                HAL_NVIC_EnableIRQ
 .text.HAL_NVIC_DisableIRQ
                0x0000000008001d96       0x1c ./Drivers/STM32F4xx_HAL_Driver/Src/stm32f4xx_hal_cortex.o
                0x0000000008001d96                HAL_NVIC_DisableIRQ
 .text.HAL_SYSTICK_Config
                0x0000000008001db2       0x18 ./Drivers/STM32F4xx_HAL_Driver/Src/stm32f4xx_hal_cortex.o
                0x0000000008001db2                HAL_SYSTICK_Config
 *fill*         0x0000000008001dca        0x2 
 .text.HAL_DMA_Init
                0x0000000008001dcc      0x15c ./Drivers/STM32F4xx_HAL_Driver/Src/stm32f4xx_hal_dma.o
                0x0000000008001dcc                HAL_DMA_Init
 .text.HAL_DMA_Start_IT
                0x0000000008001f28       0xb0 ./Drivers/STM32F4xx_HAL_Driver/Src/stm32f4xx_hal_dma.o
                0x0000000008001f28                HAL_DMA_Start_IT
 .text.HAL_DMA_Abort
                0x0000000008001fd8       0xe0 ./Drivers/STM32F4xx_HAL_Driver/Src/stm32f4xx_hal_dma.o
                0x0000000008001fd8                HAL_DMA_Abort
 .text.HAL_DMA_Abort_IT
                0x00000000080020b8       0x44 ./Drivers/STM32F4xx_HAL_Driver/Src/stm32f4xx_hal_dma.o
                0x00000000080020b8                HAL_DMA_Abort_IT
 .text.HAL_DMA_IRQHandler
                0x00000000080020fc      0x314 ./Drivers/STM32F4xx_HAL_Driver/Src/stm32f4xx_hal_dma.o
                0x00000000080020fc                HAL_DMA_IRQHandler
 .text.DMA_SetConfig
                0x0000000008002410       0x5c ./Drivers/STM32F4xx_HAL_Driver/Src/stm32f4xx_hal_dma.o
 .text.DMA_CalcBaseAndBitshift
                0x000000000800246c       0x6c ./Drivers/STM32F4xx_HAL_Driver/Src/stm32f4xx_hal_dma.o
 .text.DMA_CheckFifoParam
                0x00000000080024d8       0xf8 ./Drivers/STM32F4xx_HAL_Driver/Src/stm32f4xx_hal_dma.o
 .text.HAL_GPIO_Init
                0x00000000080025d0      0x338 ./Drivers/STM32F4xx_HAL_Driver/Src/stm32f4xx_hal_gpio.o
                0x00000000080025d0                HAL_GPIO_Init
 .text.HAL_GPIO_WritePin
                0x0000000008002908       0x32 ./Drivers/STM32F4xx_HAL_Driver/Src/stm32f4xx_hal_gpio.o
                0x0000000008002908                HAL_GPIO_WritePin
 *fill*         0x000000000800293a        0x2 
 .text.HAL_I2C_Init
                0x000000000800293c      0x288 ./Drivers/STM32F4xx_HAL_Driver/Src/stm32f4xx_hal_i2c.o
                0x000000000800293c                HAL_I2C_Init
 .text.HAL_I2C_Master_Transmit
                0x0000000008002bc4      0x1fc ./Drivers/STM32F4xx_HAL_Driver/Src/stm32f4xx_hal_i2c.o
                0x0000000008002bc4                HAL_I2C_Master_Transmit
 .text.I2C_MasterRequestWrite
                0x0000000008002dc0      0x104 ./Drivers/STM32F4xx_HAL_Driver/Src/stm32f4xx_hal_i2c.o
 .text.I2C_WaitOnFlagUntilTimeout
                0x0000000008002ec4       0xae ./Drivers/STM32F4xx_HAL_Driver/Src/stm32f4xx_hal_i2c.o
 .text.I2C_WaitOnMasterAddressFlagUntilTimeout
                0x0000000008002f72       0xfe ./Drivers/STM32F4xx_HAL_Driver/Src/stm32f4xx_hal_i2c.o
 .text.I2C_WaitOnTXEFlagUntilTimeout
                0x0000000008003070       0x82 ./Drivers/STM32F4xx_HAL_Driver/Src/stm32f4xx_hal_i2c.o
 .text.I2C_WaitOnBTFFlagUntilTimeout
                0x00000000080030f2       0x82 ./Drivers/STM32F4xx_HAL_Driver/Src/stm32f4xx_hal_i2c.o
 .text.I2C_IsAcknowledgeFailed
                0x0000000008003174       0x5e ./Drivers/STM32F4xx_HAL_Driver/Src/stm32f4xx_hal_i2c.o
 *fill*         0x00000000080031d2        0x2 
 .text.HAL_I2S_Init
                0x00000000080031d4      0x280 ./Drivers/STM32F4xx_HAL_Driver/Src/stm32f4xx_hal_i2s.o
                0x00000000080031d4                HAL_I2S_Init
 .text.HAL_I2S_Transmit_DMA
                0x0000000008003454      0x150 ./Drivers/STM32F4xx_HAL_Driver/Src/stm32f4xx_hal_i2s.o
                0x0000000008003454                HAL_I2S_Transmit_DMA
 .text.HAL_I2S_DMAStop
                0x00000000080035a4      0x3b4 ./Drivers/STM32F4xx_HAL_Driver/Src/stm32f4xx_hal_i2s.o
                0x00000000080035a4                HAL_I2S_DMAStop
 .text.HAL_I2S_TxHalfCpltCallback
                0x0000000008003958       0x14 ./Drivers/STM32F4xx_HAL_Driver/Src/stm32f4xx_hal_i2s.o
                0x0000000008003958                HAL_I2S_TxHalfCpltCallback
 .text.HAL_I2S_TxCpltCallback
                0x000000000800396c       0x14 ./Drivers/STM32F4xx_HAL_Driver/Src/stm32f4xx_hal_i2s.o
                0x000000000800396c                HAL_I2S_TxCpltCallback
 .text.HAL_I2S_RxCpltCallback
                0x0000000008003980       0x14 ./Drivers/STM32F4xx_HAL_Driver/Src/stm32f4xx_hal_i2s.o
                0x0000000008003980                HAL_I2S_RxCpltCallback
 .text.HAL_I2S_ErrorCallback
                0x0000000008003994       0x14 ./Drivers/STM32F4xx_HAL_Driver/Src/stm32f4xx_hal_i2s.o
                0x0000000008003994                HAL_I2S_ErrorCallback
 .text.I2S_DMATxCplt
                0x00000000080039a8       0x42 ./Drivers/STM32F4xx_HAL_Driver/Src/stm32f4xx_hal_i2s.o
 .text.I2S_DMATxHalfCplt
                0x00000000080039ea       0x1c ./Drivers/STM32F4xx_HAL_Driver/Src/stm32f4xx_hal_i2s.o
 .text.I2S_DMAError
                0x0000000008003a06       0x4c ./Drivers/STM32F4xx_HAL_Driver/Src/stm32f4xx_hal_i2s.o
 .text.I2S_Transmit_IT
                0x0000000008003a52       0x5c ./Drivers/STM32F4xx_HAL_Driver/Src/stm32f4xx_hal_i2s.o
 .text.I2S_Receive_IT
                0x0000000008003aae       0x5e ./Drivers/STM32F4xx_HAL_Driver/Src/stm32f4xx_hal_i2s.o
 .text.I2S_IRQHandler
                0x0000000008003b0c      0x114 ./Drivers/STM32F4xx_HAL_Driver/Src/stm32f4xx_hal_i2s.o
 .text.I2S_WaitFlagStateUntilTimeout
                0x0000000008003c20       0x72 ./Drivers/STM32F4xx_HAL_Driver/Src/stm32f4xx_hal_i2s.o
 *fill*         0x0000000008003c92        0x2 
 .text.HAL_I2SEx_FullDuplex_IRQHandler
                0x0000000008003c94      0x2a8 ./Drivers/STM32F4xx_HAL_Driver/Src/stm32f4xx_hal_i2s_ex.o
                0x0000000008003c94                HAL_I2SEx_FullDuplex_IRQHandler
 .text.HAL_I2SEx_TxRxCpltCallback
                0x0000000008003f3c       0x14 ./Drivers/STM32F4xx_HAL_Driver/Src/stm32f4xx_hal_i2s_ex.o
                0x0000000008003f3c                HAL_I2SEx_TxRxCpltCallback
 .text.I2SEx_TxISR_I2S
                0x0000000008003f50       0x62 ./Drivers/STM32F4xx_HAL_Driver/Src/stm32f4xx_hal_i2s_ex.o
 *fill*         0x0000000008003fb2        0x2 
 .text.I2SEx_TxISR_I2SExt
                0x0000000008003fb4       0x98 ./Drivers/STM32F4xx_HAL_Driver/Src/stm32f4xx_hal_i2s_ex.o
 .text.I2SEx_RxISR_I2S
                0x000000000800404c       0x64 ./Drivers/STM32F4xx_HAL_Driver/Src/stm32f4xx_hal_i2s_ex.o
 .text.I2SEx_RxISR_I2SExt
                0x00000000080040b0       0x98 ./Drivers/STM32F4xx_HAL_Driver/Src/stm32f4xx_hal_i2s_ex.o
 .text.HAL_RCC_OscConfig
                0x0000000008004148      0x4f0 ./Drivers/STM32F4xx_HAL_Driver/Src/stm32f4xx_hal_rcc.o
                0x0000000008004148                HAL_RCC_OscConfig
 .text.HAL_RCC_ClockConfig
                0x0000000008004638      0x1cc ./Drivers/STM32F4xx_HAL_Driver/Src/stm32f4xx_hal_rcc.o
                0x0000000008004638                HAL_RCC_ClockConfig
 .text.HAL_RCC_GetSysClockFreq
                0x0000000008004804      0x1c4 ./Drivers/STM32F4xx_HAL_Driver/Src/stm32f4xx_hal_rcc.o
                0x0000000008004804                HAL_RCC_GetSysClockFreq
 .text.HAL_RCC_GetHCLKFreq
                0x00000000080049c8       0x18 ./Drivers/STM32F4xx_HAL_Driver/Src/stm32f4xx_hal_rcc.o
                0x00000000080049c8                HAL_RCC_GetHCLKFreq
 .text.HAL_RCC_GetPCLK1Freq
                0x00000000080049e0       0x28 ./Drivers/STM32F4xx_HAL_Driver/Src/stm32f4xx_hal_rcc.o
                0x00000000080049e0                HAL_RCC_GetPCLK1Freq
 .text.HAL_RCC_GetPCLK2Freq
                0x0000000008004a08       0x28 ./Drivers/STM32F4xx_HAL_Driver/Src/stm32f4xx_hal_rcc.o
                0x0000000008004a08                HAL_RCC_GetPCLK2Freq
 .text.HAL_RCCEx_PeriphCLKConfig
                0x0000000008004a30      0x1c4 ./Drivers/STM32F4xx_HAL_Driver/Src/stm32f4xx_hal_rcc_ex.o
                0x0000000008004a30                HAL_RCCEx_PeriphCLKConfig
 .text.HAL_RCCEx_GetPeriphCLKFreq
                0x0000000008004bf4       0xbc ./Drivers/STM32F4xx_HAL_Driver/Src/stm32f4xx_hal_rcc_ex.o
                0x0000000008004bf4                HAL_RCCEx_GetPeriphCLKFreq
 .text.HAL_UART_Init
                0x0000000008004cb0       0x9a ./Drivers/STM32F4xx_HAL_Driver/Src/stm32f4xx_hal_uart.o
                0x0000000008004cb0                HAL_UART_Init
 *fill*         0x0000000008004d4a        0x2 
 .text.HAL_UART_IRQHandler
                0x0000000008004d4c      0x51c ./Drivers/STM32F4xx_HAL_Driver/Src/stm32f4xx_hal_uart.o
                0x0000000008004d4c                HAL_UART_IRQHandler
 .text.HAL_UART_TxCpltCallback
                0x0000000008005268       0x14 ./Drivers/STM32F4xx_HAL_Driver/Src/stm32f4xx_hal_uart.o
                0x0000000008005268                HAL_UART_TxCpltCallback
 .text.HAL_UART_RxCpltCallback
                0x000000000800527c       0x14 ./Drivers/STM32F4xx_HAL_Driver/Src/stm32f4xx_hal_uart.o
                0x000000000800527c                HAL_UART_RxCpltCallback
 .text.HAL_UART_ErrorCallback
                0x0000000008005290       0x14 ./Drivers/STM32F4xx_HAL_Driver/Src/stm32f4xx_hal_uart.o
                0x0000000008005290                HAL_UART_ErrorCallback
 .text.HAL_UARTEx_RxEventCallback
                0x00000000080052a4       0x18 ./Drivers/STM32F4xx_HAL_Driver/Src/stm32f4xx_hal_uart.o
                0x00000000080052a4                HAL_UARTEx_RxEventCallback
 .text.UART_EndRxTransfer
                0x00000000080052bc       0xc6 ./Drivers/STM32F4xx_HAL_Driver/Src/stm32f4xx_hal_uart.o
 .text.UART_DMAAbortOnError
                0x0000000008005382       0x28 ./Drivers/STM32F4xx_HAL_Driver/Src/stm32f4xx_hal_uart.o
 .text.UART_Transmit_IT
                0x00000000080053aa       0xa0 ./Drivers/STM32F4xx_HAL_Driver/Src/stm32f4xx_hal_uart.o
 .text.UART_EndTransmit_IT
                0x000000000800544a       0x30 ./Drivers/STM32F4xx_HAL_Driver/Src/stm32f4xx_hal_uart.o
 .text.UART_Receive_IT
                0x000000000800547a      0x176 ./Drivers/STM32F4xx_HAL_Driver/Src/stm32f4xx_hal_uart.o
 .text.UART_SetConfig
                0x00000000080055f0      0x390 ./Drivers/STM32F4xx_HAL_Driver/Src/stm32f4xx_hal_uart.o
 .text.__libc_init_array
                0x0000000008005980       0x48 /opt/st/stm32cubeide_1.7.0/plugins/com.st.stm32cube.ide.mcu.externaltools.gnu-tools-for-stm32.9-2020-q2-update.linux64_2.0.0.202105311346/tools/bin/../lib/gcc/arm-none-eabi/9.3.1/../../../../arm-none-eabi/lib/thumb/v7e-m+fp/hard/libc_nano.a(lib_a-init.o)
                0x0000000008005980                __libc_init_array
 .text.memset   0x00000000080059c8       0x10 /opt/st/stm32cubeide_1.7.0/plugins/com.st.stm32cube.ide.mcu.externaltools.gnu-tools-for-stm32.9-2020-q2-update.linux64_2.0.0.202105311346/tools/bin/../lib/gcc/arm-none-eabi/9.3.1/../../../../arm-none-eabi/lib/thumb/v7e-m+fp/hard/libc_nano.a(lib_a-memset.o)
                0x00000000080059c8                memset
 .text.sin      0x00000000080059d8       0xa8 /opt/st/stm32cubeide_1.7.0/plugins/com.st.stm32cube.ide.mcu.externaltools.gnu-tools-for-stm32.9-2020-q2-update.linux64_2.0.0.202105311346/tools/bin/../lib/gcc/arm-none-eabi/9.3.1/../../../../arm-none-eabi/lib/thumb/v7e-m+fp/hard/libm.a(lib_a-s_sin.o)
                0x00000000080059d8                sin
 .text.__ieee754_rem_pio2
                0x0000000008005a80      0x414 /opt/st/stm32cubeide_1.7.0/plugins/com.st.stm32cube.ide.mcu.externaltools.gnu-tools-for-stm32.9-2020-q2-update.linux64_2.0.0.202105311346/tools/bin/../lib/gcc/arm-none-eabi/9.3.1/../../../../arm-none-eabi/lib/thumb/v7e-m+fp/hard/libm.a(lib_a-e_rem_pio2.o)
                0x0000000008005a80                __ieee754_rem_pio2
 *fill*         0x0000000008005e94        0x4 
 .text.__kernel_cos
                0x0000000008005e98      0x18c /opt/st/stm32cubeide_1.7.0/plugins/com.st.stm32cube.ide.mcu.externaltools.gnu-tools-for-stm32.9-2020-q2-update.linux64_2.0.0.202105311346/tools/bin/../lib/gcc/arm-none-eabi/9.3.1/../../../../arm-none-eabi/lib/thumb/v7e-m+fp/hard/libm.a(lib_a-k_cos.o)
                0x0000000008005e98                __kernel_cos
 *fill*         0x0000000008006024        0x4 
 .text.__kernel_rem_pio2
                0x0000000008006028      0x680 /opt/st/stm32cubeide_1.7.0/plugins/com.st.stm32cube.ide.mcu.externaltools.gnu-tools-for-stm32.9-2020-q2-update.linux64_2.0.0.202105311346/tools/bin/../lib/gcc/arm-none-eabi/9.3.1/../../../../arm-none-eabi/lib/thumb/v7e-m+fp/hard/libm.a(lib_a-k_rem_pio2.o)
                0x0000000008006028                __kernel_rem_pio2
 .text.__kernel_sin
                0x00000000080066a8      0x17c /opt/st/stm32cubeide_1.7.0/plugins/com.st.stm32cube.ide.mcu.externaltools.gnu-tools-for-stm32.9-2020-q2-update.linux64_2.0.0.202105311346/tools/bin/../lib/gcc/arm-none-eabi/9.3.1/../../../../arm-none-eabi/lib/thumb/v7e-m+fp/hard/libm.a(lib_a-k_sin.o)
                0x00000000080066a8                __kernel_sin
 .text.fabs     0x0000000008006824       0x12 /opt/st/stm32cubeide_1.7.0/plugins/com.st.stm32cube.ide.mcu.externaltools.gnu-tools-for-stm32.9-2020-q2-update.linux64_2.0.0.202105311346/tools/bin/../lib/gcc/arm-none-eabi/9.3.1/../../../../arm-none-eabi/lib/thumb/v7e-m+fp/hard/libm.a(lib_a-s_fabs.o)
                0x0000000008006824                fabs
 *fill*         0x0000000008006836        0x2 
 .text.floor    0x0000000008006838      0x100 /opt/st/stm32cubeide_1.7.0/plugins/com.st.stm32cube.ide.mcu.externaltools.gnu-tools-for-stm32.9-2020-q2-update.linux64_2.0.0.202105311346/tools/bin/../lib/gcc/arm-none-eabi/9.3.1/../../../../arm-none-eabi/lib/thumb/v7e-m+fp/hard/libm.a(lib_a-s_floor.o)
                0x0000000008006838                floor
 .text.scalbn   0x0000000008006938      0x10c /opt/st/stm32cubeide_1.7.0/plugins/com.st.stm32cube.ide.mcu.externaltools.gnu-tools-for-stm32.9-2020-q2-update.linux64_2.0.0.202105311346/tools/bin/../lib/gcc/arm-none-eabi/9.3.1/../../../../arm-none-eabi/lib/thumb/v7e-m+fp/hard/libm.a(lib_a-s_scalbn.o)
                0x0000000008006938                scalbn
 *(.glue_7)
 .glue_7        0x0000000008006a44        0x0 linker stubs
 *(.glue_7t)
 .glue_7t       0x0000000008006a44        0x0 linker stubs
 *(.eh_frame)
 .eh_frame      0x0000000008006a44        0x0 /opt/st/stm32cubeide_1.7.0/plugins/com.st.stm32cube.ide.mcu.externaltools.gnu-tools-for-stm32.9-2020-q2-update.linux64_2.0.0.202105311346/tools/bin/../lib/gcc/arm-none-eabi/9.3.1/thumb/v7e-m+fp/hard/crtbegin.o
 *(.init)
 .init          0x0000000008006a44        0x4 /opt/st/stm32cubeide_1.7.0/plugins/com.st.stm32cube.ide.mcu.externaltools.gnu-tools-for-stm32.9-2020-q2-update.linux64_2.0.0.202105311346/tools/bin/../lib/gcc/arm-none-eabi/9.3.1/thumb/v7e-m+fp/hard/crti.o
                0x0000000008006a44                _init
 .init          0x0000000008006a48        0x8 /opt/st/stm32cubeide_1.7.0/plugins/com.st.stm32cube.ide.mcu.externaltools.gnu-tools-for-stm32.9-2020-q2-update.linux64_2.0.0.202105311346/tools/bin/../lib/gcc/arm-none-eabi/9.3.1/thumb/v7e-m+fp/hard/crtn.o
 *(.fini)
 .fini          0x0000000008006a50        0x4 /opt/st/stm32cubeide_1.7.0/plugins/com.st.stm32cube.ide.mcu.externaltools.gnu-tools-for-stm32.9-2020-q2-update.linux64_2.0.0.202105311346/tools/bin/../lib/gcc/arm-none-eabi/9.3.1/thumb/v7e-m+fp/hard/crti.o
                0x0000000008006a50                _fini
 .fini          0x0000000008006a54        0x8 /opt/st/stm32cubeide_1.7.0/plugins/com.st.stm32cube.ide.mcu.externaltools.gnu-tools-for-stm32.9-2020-q2-update.linux64_2.0.0.202105311346/tools/bin/../lib/gcc/arm-none-eabi/9.3.1/thumb/v7e-m+fp/hard/crtn.o
                0x0000000008006a5c                . = ALIGN (0x4)
                0x0000000008006a5c                _etext = .

.vfp11_veneer   0x0000000008006a5c        0x0
 .vfp11_veneer  0x0000000008006a5c        0x0 linker stubs

.v4_bx          0x0000000008006a5c        0x0
 .v4_bx         0x0000000008006a5c        0x0 linker stubs

.iplt           0x0000000008006a5c        0x0
 .iplt          0x0000000008006a5c        0x0 /opt/st/stm32cubeide_1.7.0/plugins/com.st.stm32cube.ide.mcu.externaltools.gnu-tools-for-stm32.9-2020-q2-update.linux64_2.0.0.202105311346/tools/bin/../lib/gcc/arm-none-eabi/9.3.1/thumb/v7e-m+fp/hard/crtbegin.o

.rodata         0x0000000008006a60      0x1f8
                0x0000000008006a60                . = ALIGN (0x4)
 *(.rodata)
 *(.rodata*)
 .rodata.AHBPrescTable
                0x0000000008006a60       0x10 ./Core/Src/system_stm32f4xx.o
                0x0000000008006a60                AHBPrescTable
 .rodata.APBPrescTable
                0x0000000008006a70        0x8 ./Core/Src/system_stm32f4xx.o
                0x0000000008006a70                APBPrescTable
 .rodata.flagBitshiftOffset.8144
                0x0000000008006a78        0x8 ./Drivers/STM32F4xx_HAL_Driver/Src/stm32f4xx_hal_dma.o
 .rodata.npio2_hw
                0x0000000008006a80       0x80 /opt/st/stm32cubeide_1.7.0/plugins/com.st.stm32cube.ide.mcu.externaltools.gnu-tools-for-stm32.9-2020-q2-update.linux64_2.0.0.202105311346/tools/bin/../lib/gcc/arm-none-eabi/9.3.1/../../../../arm-none-eabi/lib/thumb/v7e-m+fp/hard/libm.a(lib_a-e_rem_pio2.o)
 .rodata.two_over_pi
                0x0000000008006b00      0x108 /opt/st/stm32cubeide_1.7.0/plugins/com.st.stm32cube.ide.mcu.externaltools.gnu-tools-for-stm32.9-2020-q2-update.linux64_2.0.0.202105311346/tools/bin/../lib/gcc/arm-none-eabi/9.3.1/../../../../arm-none-eabi/lib/thumb/v7e-m+fp/hard/libm.a(lib_a-e_rem_pio2.o)
 .rodata.PIo2   0x0000000008006c08       0x40 /opt/st/stm32cubeide_1.7.0/plugins/com.st.stm32cube.ide.mcu.externaltools.gnu-tools-for-stm32.9-2020-q2-update.linux64_2.0.0.202105311346/tools/bin/../lib/gcc/arm-none-eabi/9.3.1/../../../../arm-none-eabi/lib/thumb/v7e-m+fp/hard/libm.a(lib_a-k_rem_pio2.o)
 .rodata.init_jk
                0x0000000008006c48       0x10 /opt/st/stm32cubeide_1.7.0/plugins/com.st.stm32cube.ide.mcu.externaltools.gnu-tools-for-stm32.9-2020-q2-update.linux64_2.0.0.202105311346/tools/bin/../lib/gcc/arm-none-eabi/9.3.1/../../../../arm-none-eabi/lib/thumb/v7e-m+fp/hard/libm.a(lib_a-k_rem_pio2.o)
                0x0000000008006c58                . = ALIGN (0x4)

.ARM.extab      0x0000000008006c58        0x0
                0x0000000008006c58                . = ALIGN (0x4)
 *(.ARM.extab* .gnu.linkonce.armextab.*)
                0x0000000008006c58                . = ALIGN (0x4)

.ARM            0x0000000008006c58        0x8
                0x0000000008006c58                . = ALIGN (0x4)
                0x0000000008006c58                __exidx_start = .
 *(.ARM.exidx*)
 .ARM.exidx     0x0000000008006c58        0x8 /opt/st/stm32cubeide_1.7.0/plugins/com.st.stm32cube.ide.mcu.externaltools.gnu-tools-for-stm32.9-2020-q2-update.linux64_2.0.0.202105311346/tools/bin/../lib/gcc/arm-none-eabi/9.3.1/thumb/v7e-m+fp/hard/libgcc.a(_udivmoddi4.o)
                0x0000000008006c60                __exidx_end = .
                0x0000000008006c60                . = ALIGN (0x4)

.rel.dyn        0x0000000008006c60        0x0
 .rel.iplt      0x0000000008006c60        0x0 /opt/st/stm32cubeide_1.7.0/plugins/com.st.stm32cube.ide.mcu.externaltools.gnu-tools-for-stm32.9-2020-q2-update.linux64_2.0.0.202105311346/tools/bin/../lib/gcc/arm-none-eabi/9.3.1/thumb/v7e-m+fp/hard/crtbegin.o

.preinit_array  0x0000000008006c60        0x0
                0x0000000008006c60                . = ALIGN (0x4)
                0x0000000008006c60                PROVIDE (__preinit_array_start = .)
 *(.preinit_array*)
                0x0000000008006c60                PROVIDE (__preinit_array_end = .)
                0x0000000008006c60                . = ALIGN (0x4)

.init_array     0x0000000008006c60        0x4
                0x0000000008006c60                . = ALIGN (0x4)
                0x0000000008006c60                PROVIDE (__init_array_start = .)
 *(SORT_BY_NAME(.init_array.*))
 *(.init_array*)
 .init_array    0x0000000008006c60        0x4 /opt/st/stm32cubeide_1.7.0/plugins/com.st.stm32cube.ide.mcu.externaltools.gnu-tools-for-stm32.9-2020-q2-update.linux64_2.0.0.202105311346/tools/bin/../lib/gcc/arm-none-eabi/9.3.1/thumb/v7e-m+fp/hard/crtbegin.o
                0x0000000008006c64                PROVIDE (__init_array_end = .)
                0x0000000008006c64                . = ALIGN (0x4)

.fini_array     0x0000000008006c64        0x4
                0x0000000008006c64                . = ALIGN (0x4)
                [!provide]                        PROVIDE (__fini_array_start = .)
 *(SORT_BY_NAME(.fini_array.*))
 *(.fini_array*)
 .fini_array    0x0000000008006c64        0x4 /opt/st/stm32cubeide_1.7.0/plugins/com.st.stm32cube.ide.mcu.externaltools.gnu-tools-for-stm32.9-2020-q2-update.linux64_2.0.0.202105311346/tools/bin/../lib/gcc/arm-none-eabi/9.3.1/thumb/v7e-m+fp/hard/crtbegin.o
                [!provide]                        PROVIDE (__fini_array_end = .)
                0x0000000008006c68                . = ALIGN (0x4)
                0x0000000008006c68                _sidata = LOADADDR (.data)

.data           0x0000000020000000        0xc load address 0x0000000008006c68
                0x0000000020000000                . = ALIGN (0x4)
                0x0000000020000000                _sdata = .
 *(.data)
 *(.data*)
 .data.SystemCoreClock
                0x0000000020000000        0x4 ./Core/Src/system_stm32f4xx.o
                0x0000000020000000                SystemCoreClock
 .data.uwTickPrio
                0x0000000020000004        0x4 ./Drivers/STM32F4xx_HAL_Driver/Src/stm32f4xx_hal.o
                0x0000000020000004                uwTickPrio
 .data.uwTickFreq
                0x0000000020000008        0x1 ./Drivers/STM32F4xx_HAL_Driver/Src/stm32f4xx_hal.o
                0x0000000020000008                uwTickFreq
 *(.RamFunc)
 *(.RamFunc*)
                0x000000002000000c                . = ALIGN (0x4)
 *fill*         0x0000000020000009        0x3 
                0x000000002000000c                _edata = .
                0x0000000008006c74                _siccmram = LOADADDR (.ccmram)

.igot.plt       0x000000002000000c        0x0 load address 0x0000000008006c74
 .igot.plt      0x000000002000000c        0x0 /opt/st/stm32cubeide_1.7.0/plugins/com.st.stm32cube.ide.mcu.externaltools.gnu-tools-for-stm32.9-2020-q2-update.linux64_2.0.0.202105311346/tools/bin/../lib/gcc/arm-none-eabi/9.3.1/thumb/v7e-m+fp/hard/crtbegin.o

.ccmram         0x0000000010000000        0x0 load address 0x0000000008006c74
                0x0000000010000000                . = ALIGN (0x4)
                0x0000000010000000                _sccmram = .
 *(.ccmram)
 *(.ccmram*)
                0x0000000010000000                . = ALIGN (0x4)
                0x0000000010000000                _eccmram = .
                0x0000000010000000                . = ALIGN (0x4)

.bss            0x000000002000000c     0x1b24
                0x000000002000000c                _sbss = .
                0x000000002000000c                __bss_start__ = _sbss
 *(.bss)
 .bss           0x000000002000000c       0x1c /opt/st/stm32cubeide_1.7.0/plugins/com.st.stm32cube.ide.mcu.externaltools.gnu-tools-for-stm32.9-2020-q2-update.linux64_2.0.0.202105311346/tools/bin/../lib/gcc/arm-none-eabi/9.3.1/thumb/v7e-m+fp/hard/crtbegin.o
 *(.bss*)
 .bss.C         0x0000000020000028      0x2e0 ./Core/Src/signals.o
                0x0000000020000028                C
 .bss.C_SHARP   0x0000000020000308      0x2b8 ./Core/Src/signals.o
                0x0000000020000308                C_SHARP
 .bss.D         0x00000000200005c0      0x290 ./Core/Src/signals.o
                0x00000000200005c0                D
 .bss.D_SHARP   0x0000000020000850      0x26c ./Core/Src/signals.o
                0x0000000020000850                D_SHARP
 .bss.E         0x0000000020000abc      0x248 ./Core/Src/signals.o
                0x0000000020000abc                E
 .bss.F         0x0000000020000d04      0x228 ./Core/Src/signals.o
                0x0000000020000d04                F
 .bss.F_SHARP   0x0000000020000f2c      0x208 ./Core/Src/signals.o
                0x0000000020000f2c                F_SHARP
 .bss.G         0x0000000020001134      0x1ec ./Core/Src/signals.o
                0x0000000020001134                G
 .bss.G_SHARP   0x0000000020001320      0x1d0 ./Core/Src/signals.o
                0x0000000020001320                G_SHARP
 .bss.A         0x00000000200014f0      0x1b8 ./Core/Src/signals.o
                0x00000000200014f0                A
 .bss.A_SHARP   0x00000000200016a8      0x19c ./Core/Src/signals.o
                0x00000000200016a8                A_SHARP
 .bss.H         0x0000000020001844      0x188 ./Core/Src/signals.o
                0x0000000020001844                H
 .bss.rx_head.8055
                0x00000000200019cc        0x1 ./Core/Src/usart.o
 *(COMMON)
 *fill*         0x00000000200019cd        0x3 
 COMMON         0x00000000200019d0       0x54 ./Core/Src/i2c.o
                0x00000000200019d0                hi2c1
 COMMON         0x0000000020001a24       0xa8 ./Core/Src/i2s.o
                0x0000000020001a24                hdma_spi3_tx
                0x0000000020001a84                hi2s3
 COMMON         0x0000000020001acc       0x1c ./Core/Src/main.o
                0x0000000020001acc                RX_BUFFER
                0x0000000020001adc                RX_BUFFER_HEAD
                0x0000000020001ae0                rx_data
                0x0000000020001ae4                RX_BUFFER_TAIL
 COMMON         0x0000000020001ae8       0x44 ./Core/Src/usart.o
                0x0000000020001ae8                huart2
 COMMON         0x0000000020001b2c        0x4 ./Drivers/STM32F4xx_HAL_Driver/Src/stm32f4xx_hal.o
                0x0000000020001b2c                uwTick
                0x0000000020001b30                . = ALIGN (0x4)
                0x0000000020001b30                _ebss = .
                0x0000000020001b30                __bss_end__ = _ebss

._user_heap_stack
                0x0000000020001b30      0x600
                0x0000000020001b30                . = ALIGN (0x8)
                [!provide]                        PROVIDE (end = .)
                0x0000000020001b30                PROVIDE (_end = .)
                0x0000000020001d30                . = (. + _Min_Heap_Size)
 *fill*         0x0000000020001b30      0x200 
                0x0000000020002130                . = (. + _Min_Stack_Size)
 *fill*         0x0000000020001d30      0x400 
                0x0000000020002130                . = ALIGN (0x8)

/DISCARD/
 libc.a(*)
 libm.a(*)
 libgcc.a(*)

.ARM.attributes
                0x0000000000000000       0x30
 *(.ARM.attributes)
 .ARM.attributes
                0x0000000000000000       0x1e /opt/st/stm32cubeide_1.7.0/plugins/com.st.stm32cube.ide.mcu.externaltools.gnu-tools-for-stm32.9-2020-q2-update.linux64_2.0.0.202105311346/tools/bin/../lib/gcc/arm-none-eabi/9.3.1/thumb/v7e-m+fp/hard/crti.o
 .ARM.attributes
                0x000000000000001e       0x34 /opt/st/stm32cubeide_1.7.0/plugins/com.st.stm32cube.ide.mcu.externaltools.gnu-tools-for-stm32.9-2020-q2-update.linux64_2.0.0.202105311346/tools/bin/../lib/gcc/arm-none-eabi/9.3.1/thumb/v7e-m+fp/hard/crtbegin.o
 .ARM.attributes
                0x0000000000000052       0x34 ./Core/Src/audio.o
 .ARM.attributes
                0x0000000000000086       0x34 ./Core/Src/dma.o
 .ARM.attributes
                0x00000000000000ba       0x34 ./Core/Src/gpio.o
 .ARM.attributes
                0x00000000000000ee       0x34 ./Core/Src/i2c.o
 .ARM.attributes
                0x0000000000000122       0x34 ./Core/Src/i2s.o
 .ARM.attributes
                0x0000000000000156       0x34 ./Core/Src/main.o
 .ARM.attributes
                0x000000000000018a       0x34 ./Core/Src/signals.o
 .ARM.attributes
                0x00000000000001be       0x34 ./Core/Src/stm32f4xx_hal_msp.o
 .ARM.attributes
                0x00000000000001f2       0x34 ./Core/Src/stm32f4xx_it.o
 .ARM.attributes
                0x0000000000000226       0x34 ./Core/Src/system_stm32f4xx.o
 .ARM.attributes
                0x000000000000025a       0x34 ./Core/Src/usart.o
 .ARM.attributes
                0x000000000000028e       0x21 ./Core/Startup/startup_stm32f407vgtx.o
 .ARM.attributes
                0x00000000000002af       0x34 ./Drivers/STM32F4xx_HAL_Driver/Src/stm32f4xx_hal.o
 .ARM.attributes
                0x00000000000002e3       0x34 ./Drivers/STM32F4xx_HAL_Driver/Src/stm32f4xx_hal_cortex.o
 .ARM.attributes
                0x0000000000000317       0x34 ./Drivers/STM32F4xx_HAL_Driver/Src/stm32f4xx_hal_dma.o
 .ARM.attributes
                0x000000000000034b       0x34 ./Drivers/STM32F4xx_HAL_Driver/Src/stm32f4xx_hal_gpio.o
 .ARM.attributes
                0x000000000000037f       0x34 ./Drivers/STM32F4xx_HAL_Driver/Src/stm32f4xx_hal_i2c.o
 .ARM.attributes
                0x00000000000003b3       0x34 ./Drivers/STM32F4xx_HAL_Driver/Src/stm32f4xx_hal_i2s.o
 .ARM.attributes
                0x00000000000003e7       0x34 ./Drivers/STM32F4xx_HAL_Driver/Src/stm32f4xx_hal_i2s_ex.o
 .ARM.attributes
                0x000000000000041b       0x34 ./Drivers/STM32F4xx_HAL_Driver/Src/stm32f4xx_hal_rcc.o
 .ARM.attributes
                0x000000000000044f       0x34 ./Drivers/STM32F4xx_HAL_Driver/Src/stm32f4xx_hal_rcc_ex.o
 .ARM.attributes
                0x0000000000000483       0x34 ./Drivers/STM32F4xx_HAL_Driver/Src/stm32f4xx_hal_uart.o
 .ARM.attributes
                0x00000000000004b7       0x34 /opt/st/stm32cubeide_1.7.0/plugins/com.st.stm32cube.ide.mcu.externaltools.gnu-tools-for-stm32.9-2020-q2-update.linux64_2.0.0.202105311346/tools/bin/../lib/gcc/arm-none-eabi/9.3.1/../../../../arm-none-eabi/lib/thumb/v7e-m+fp/hard/libc_nano.a(lib_a-init.o)
 .ARM.attributes
                0x00000000000004eb       0x34 /opt/st/stm32cubeide_1.7.0/plugins/com.st.stm32cube.ide.mcu.externaltools.gnu-tools-for-stm32.9-2020-q2-update.linux64_2.0.0.202105311346/tools/bin/../lib/gcc/arm-none-eabi/9.3.1/../../../../arm-none-eabi/lib/thumb/v7e-m+fp/hard/libc_nano.a(lib_a-memset.o)
 .ARM.attributes
                0x000000000000051f       0x34 /opt/st/stm32cubeide_1.7.0/plugins/com.st.stm32cube.ide.mcu.externaltools.gnu-tools-for-stm32.9-2020-q2-update.linux64_2.0.0.202105311346/tools/bin/../lib/gcc/arm-none-eabi/9.3.1/../../../../arm-none-eabi/lib/thumb/v7e-m+fp/hard/libm.a(lib_a-s_sin.o)
 .ARM.attributes
                0x0000000000000553       0x34 /opt/st/stm32cubeide_1.7.0/plugins/com.st.stm32cube.ide.mcu.externaltools.gnu-tools-for-stm32.9-2020-q2-update.linux64_2.0.0.202105311346/tools/bin/../lib/gcc/arm-none-eabi/9.3.1/../../../../arm-none-eabi/lib/thumb/v7e-m+fp/hard/libm.a(lib_a-e_rem_pio2.o)
 .ARM.attributes
                0x0000000000000587       0x34 /opt/st/stm32cubeide_1.7.0/plugins/com.st.stm32cube.ide.mcu.externaltools.gnu-tools-for-stm32.9-2020-q2-update.linux64_2.0.0.202105311346/tools/bin/../lib/gcc/arm-none-eabi/9.3.1/../../../../arm-none-eabi/lib/thumb/v7e-m+fp/hard/libm.a(lib_a-k_cos.o)
 .ARM.attributes
                0x00000000000005bb       0x34 /opt/st/stm32cubeide_1.7.0/plugins/com.st.stm32cube.ide.mcu.externaltools.gnu-tools-for-stm32.9-2020-q2-update.linux64_2.0.0.202105311346/tools/bin/../lib/gcc/arm-none-eabi/9.3.1/../../../../arm-none-eabi/lib/thumb/v7e-m+fp/hard/libm.a(lib_a-k_rem_pio2.o)
 .ARM.attributes
                0x00000000000005ef       0x34 /opt/st/stm32cubeide_1.7.0/plugins/com.st.stm32cube.ide.mcu.externaltools.gnu-tools-for-stm32.9-2020-q2-update.linux64_2.0.0.202105311346/tools/bin/../lib/gcc/arm-none-eabi/9.3.1/../../../../arm-none-eabi/lib/thumb/v7e-m+fp/hard/libm.a(lib_a-k_sin.o)
 .ARM.attributes
                0x0000000000000623       0x34 /opt/st/stm32cubeide_1.7.0/plugins/com.st.stm32cube.ide.mcu.externaltools.gnu-tools-for-stm32.9-2020-q2-update.linux64_2.0.0.202105311346/tools/bin/../lib/gcc/arm-none-eabi/9.3.1/../../../../arm-none-eabi/lib/thumb/v7e-m+fp/hard/libm.a(lib_a-s_fabs.o)
 .ARM.attributes
                0x0000000000000657       0x34 /opt/st/stm32cubeide_1.7.0/plugins/com.st.stm32cube.ide.mcu.externaltools.gnu-tools-for-stm32.9-2020-q2-update.linux64_2.0.0.202105311346/tools/bin/../lib/gcc/arm-none-eabi/9.3.1/../../../../arm-none-eabi/lib/thumb/v7e-m+fp/hard/libm.a(lib_a-s_floor.o)
 .ARM.attributes
                0x000000000000068b       0x34 /opt/st/stm32cubeide_1.7.0/plugins/com.st.stm32cube.ide.mcu.externaltools.gnu-tools-for-stm32.9-2020-q2-update.linux64_2.0.0.202105311346/tools/bin/../lib/gcc/arm-none-eabi/9.3.1/../../../../arm-none-eabi/lib/thumb/v7e-m+fp/hard/libm.a(lib_a-s_scalbn.o)
 .ARM.attributes
                0x00000000000006bf       0x1e /opt/st/stm32cubeide_1.7.0/plugins/com.st.stm32cube.ide.mcu.externaltools.gnu-tools-for-stm32.9-2020-q2-update.linux64_2.0.0.202105311346/tools/bin/../lib/gcc/arm-none-eabi/9.3.1/thumb/v7e-m+fp/hard/libgcc.a(_arm_muldf3.o)
 .ARM.attributes
                0x00000000000006dd       0x1e /opt/st/stm32cubeide_1.7.0/plugins/com.st.stm32cube.ide.mcu.externaltools.gnu-tools-for-stm32.9-2020-q2-update.linux64_2.0.0.202105311346/tools/bin/../lib/gcc/arm-none-eabi/9.3.1/thumb/v7e-m+fp/hard/libgcc.a(_arm_addsubdf3.o)
 .ARM.attributes
                0x00000000000006fb       0x1e /opt/st/stm32cubeide_1.7.0/plugins/com.st.stm32cube.ide.mcu.externaltools.gnu-tools-for-stm32.9-2020-q2-update.linux64_2.0.0.202105311346/tools/bin/../lib/gcc/arm-none-eabi/9.3.1/thumb/v7e-m+fp/hard/libgcc.a(_arm_cmpdf2.o)
 .ARM.attributes
                0x0000000000000719       0x1e /opt/st/stm32cubeide_1.7.0/plugins/com.st.stm32cube.ide.mcu.externaltools.gnu-tools-for-stm32.9-2020-q2-update.linux64_2.0.0.202105311346/tools/bin/../lib/gcc/arm-none-eabi/9.3.1/thumb/v7e-m+fp/hard/libgcc.a(_arm_fixdfsi.o)
 .ARM.attributes
                0x0000000000000737       0x1e /opt/st/stm32cubeide_1.7.0/plugins/com.st.stm32cube.ide.mcu.externaltools.gnu-tools-for-stm32.9-2020-q2-update.linux64_2.0.0.202105311346/tools/bin/../lib/gcc/arm-none-eabi/9.3.1/thumb/v7e-m+fp/hard/libgcc.a(_arm_fixunsdfsi.o)
 .ARM.attributes
                0x0000000000000755       0x1e /opt/st/stm32cubeide_1.7.0/plugins/com.st.stm32cube.ide.mcu.externaltools.gnu-tools-for-stm32.9-2020-q2-update.linux64_2.0.0.202105311346/tools/bin/../lib/gcc/arm-none-eabi/9.3.1/thumb/v7e-m+fp/hard/libgcc.a(_aeabi_uldivmod.o)
 .ARM.attributes
                0x0000000000000773       0x34 /opt/st/stm32cubeide_1.7.0/plugins/com.st.stm32cube.ide.mcu.externaltools.gnu-tools-for-stm32.9-2020-q2-update.linux64_2.0.0.202105311346/tools/bin/../lib/gcc/arm-none-eabi/9.3.1/thumb/v7e-m+fp/hard/libgcc.a(_udivmoddi4.o)
 .ARM.attributes
                0x00000000000007a7       0x1e /opt/st/stm32cubeide_1.7.0/plugins/com.st.stm32cube.ide.mcu.externaltools.gnu-tools-for-stm32.9-2020-q2-update.linux64_2.0.0.202105311346/tools/bin/../lib/gcc/arm-none-eabi/9.3.1/thumb/v7e-m+fp/hard/libgcc.a(_dvmd_tls.o)
 .ARM.attributes
                0x00000000000007c5       0x1e /opt/st/stm32cubeide_1.7.0/plugins/com.st.stm32cube.ide.mcu.externaltools.gnu-tools-for-stm32.9-2020-q2-update.linux64_2.0.0.202105311346/tools/bin/../lib/gcc/arm-none-eabi/9.3.1/thumb/v7e-m+fp/hard/crtn.o
OUTPUT(SUPER_SECRET_PROJECT.elf elf32-littlearm)
LOAD linker stubs
LOAD /opt/st/stm32cubeide_1.7.0/plugins/com.st.stm32cube.ide.mcu.externaltools.gnu-tools-for-stm32.9-2020-q2-update.linux64_2.0.0.202105311346/tools/bin/../lib/gcc/arm-none-eabi/9.3.1/../../../../arm-none-eabi/lib/thumb/v7e-m+fp/hard/libc.a
LOAD /opt/st/stm32cubeide_1.7.0/plugins/com.st.stm32cube.ide.mcu.externaltools.gnu-tools-for-stm32.9-2020-q2-update.linux64_2.0.0.202105311346/tools/bin/../lib/gcc/arm-none-eabi/9.3.1/../../../../arm-none-eabi/lib/thumb/v7e-m+fp/hard/libm.a
LOAD /opt/st/stm32cubeide_1.7.0/plugins/com.st.stm32cube.ide.mcu.externaltools.gnu-tools-for-stm32.9-2020-q2-update.linux64_2.0.0.202105311346/tools/bin/../lib/gcc/arm-none-eabi/9.3.1/thumb/v7e-m+fp/hard/libgcc.a

.debug_info     0x0000000000000000    0x119a6
 .debug_info    0x0000000000000000      0x7e0 ./Core/Src/audio.o
 .debug_info    0x00000000000007e0      0x59c ./Core/Src/dma.o
 .debug_info    0x0000000000000d7c      0x52f ./Core/Src/gpio.o
 .debug_info    0x00000000000012ab      0xa7d ./Core/Src/i2c.o
 .debug_info    0x0000000000001d28      0xadf ./Core/Src/i2s.o
 .debug_info    0x0000000000002807     0x1a20 ./Core/Src/main.o
 .debug_info    0x0000000000004227      0xbdc ./Core/Src/signals.o
 .debug_info    0x0000000000004e03      0x394 ./Core/Src/stm32f4xx_hal_msp.o
 .debug_info    0x0000000000005197      0x772 ./Core/Src/stm32f4xx_it.o
 .debug_info    0x0000000000005909      0x5a4 ./Core/Src/system_stm32f4xx.o
 .debug_info    0x0000000000005ead      0xd09 ./Core/Src/usart.o
 .debug_info    0x0000000000006bb6       0x22 ./Core/Startup/startup_stm32f407vgtx.o
 .debug_info    0x0000000000006bd8      0x9b2 ./Drivers/STM32F4xx_HAL_Driver/Src/stm32f4xx_hal.o
 .debug_info    0x000000000000758a      0xed7 ./Drivers/STM32F4xx_HAL_Driver/Src/stm32f4xx_hal_cortex.o
 .debug_info    0x0000000000008461      0x9f1 ./Drivers/STM32F4xx_HAL_Driver/Src/stm32f4xx_hal_dma.o
 .debug_info    0x0000000000008e52      0x83e ./Drivers/STM32F4xx_HAL_Driver/Src/stm32f4xx_hal_gpio.o
 .debug_info    0x0000000000009690     0x264d ./Drivers/STM32F4xx_HAL_Driver/Src/stm32f4xx_hal_i2c.o
 .debug_info    0x000000000000bcdd      0xf30 ./Drivers/STM32F4xx_HAL_Driver/Src/stm32f4xx_hal_i2s.o
 .debug_info    0x000000000000cc0d      0xc22 ./Drivers/STM32F4xx_HAL_Driver/Src/stm32f4xx_hal_i2s_ex.o
 .debug_info    0x000000000000d82f      0x996 ./Drivers/STM32F4xx_HAL_Driver/Src/stm32f4xx_hal_rcc.o
 .debug_info    0x000000000000e1c5      0x603 ./Drivers/STM32F4xx_HAL_Driver/Src/stm32f4xx_hal_rcc_ex.o
 .debug_info    0x000000000000e7c8     0x31de ./Drivers/STM32F4xx_HAL_Driver/Src/stm32f4xx_hal_uart.o

.debug_abbrev   0x0000000000000000     0x29aa
 .debug_abbrev  0x0000000000000000      0x172 ./Core/Src/audio.o
 .debug_abbrev  0x0000000000000172      0x11b ./Core/Src/dma.o
 .debug_abbrev  0x000000000000028d      0x14e ./Core/Src/gpio.o
 .debug_abbrev  0x00000000000003db      0x1bb ./Core/Src/i2c.o
 .debug_abbrev  0x0000000000000596      0x1ce ./Core/Src/i2s.o
 .debug_abbrev  0x0000000000000764      0x285 ./Core/Src/main.o
 .debug_abbrev  0x00000000000009e9      0x22b ./Core/Src/signals.o
 .debug_abbrev  0x0000000000000c14      0x11d ./Core/Src/stm32f4xx_hal_msp.o
 .debug_abbrev  0x0000000000000d31      0x163 ./Core/Src/stm32f4xx_it.o
 .debug_abbrev  0x0000000000000e94      0x145 ./Core/Src/system_stm32f4xx.o
 .debug_abbrev  0x0000000000000fd9      0x220 ./Core/Src/usart.o
 .debug_abbrev  0x00000000000011f9       0x12 ./Core/Startup/startup_stm32f407vgtx.o
 .debug_abbrev  0x000000000000120b      0x1ed ./Drivers/STM32F4xx_HAL_Driver/Src/stm32f4xx_hal.o
 .debug_abbrev  0x00000000000013f8      0x33c ./Drivers/STM32F4xx_HAL_Driver/Src/stm32f4xx_hal_cortex.o
 .debug_abbrev  0x0000000000001734      0x259 ./Drivers/STM32F4xx_HAL_Driver/Src/stm32f4xx_hal_dma.o
 .debug_abbrev  0x000000000000198d      0x1f1 ./Drivers/STM32F4xx_HAL_Driver/Src/stm32f4xx_hal_gpio.o
 .debug_abbrev  0x0000000000001b7e      0x282 ./Drivers/STM32F4xx_HAL_Driver/Src/stm32f4xx_hal_i2c.o
 .debug_abbrev  0x0000000000001e00      0x245 ./Drivers/STM32F4xx_HAL_Driver/Src/stm32f4xx_hal_i2s.o
 .debug_abbrev  0x0000000000002045      0x276 ./Drivers/STM32F4xx_HAL_Driver/Src/stm32f4xx_hal_i2s_ex.o
 .debug_abbrev  0x00000000000022bb      0x275 ./Drivers/STM32F4xx_HAL_Driver/Src/stm32f4xx_hal_rcc.o
 .debug_abbrev  0x0000000000002530      0x18f ./Drivers/STM32F4xx_HAL_Driver/Src/stm32f4xx_hal_rcc_ex.o
 .debug_abbrev  0x00000000000026bf      0x2eb ./Drivers/STM32F4xx_HAL_Driver/Src/stm32f4xx_hal_uart.o

.debug_aranges  0x0000000000000000      0xc38
 .debug_aranges
                0x0000000000000000       0x28 ./Core/Src/audio.o
 .debug_aranges
                0x0000000000000028       0x20 ./Core/Src/dma.o
 .debug_aranges
                0x0000000000000048       0x20 ./Core/Src/gpio.o
 .debug_aranges
                0x0000000000000068       0x30 ./Core/Src/i2c.o
 .debug_aranges
                0x0000000000000098       0x30 ./Core/Src/i2s.o
 .debug_aranges
                0x00000000000000c8       0x30 ./Core/Src/main.o
 .debug_aranges
                0x00000000000000f8       0x28 ./Core/Src/signals.o
 .debug_aranges
                0x0000000000000120       0x20 ./Core/Src/stm32f4xx_hal_msp.o
 .debug_aranges
                0x0000000000000140       0x70 ./Core/Src/stm32f4xx_it.o
 .debug_aranges
                0x00000000000001b0       0x28 ./Core/Src/system_stm32f4xx.o
 .debug_aranges
                0x00000000000001d8       0x48 ./Core/Src/usart.o
 .debug_aranges
                0x0000000000000220       0x28 ./Core/Startup/startup_stm32f407vgtx.o
 .debug_aranges
                0x0000000000000248       0xf0 ./Drivers/STM32F4xx_HAL_Driver/Src/stm32f4xx_hal.o
 .debug_aranges
                0x0000000000000338      0x118 ./Drivers/STM32F4xx_HAL_Driver/Src/stm32f4xx_hal_cortex.o
 .debug_aranges
                0x0000000000000450       0x90 ./Drivers/STM32F4xx_HAL_Driver/Src/stm32f4xx_hal_dma.o
 .debug_aranges
                0x00000000000004e0       0x58 ./Drivers/STM32F4xx_HAL_Driver/Src/stm32f4xx_hal_gpio.o
 .debug_aranges
                0x0000000000000538      0x2a0 ./Drivers/STM32F4xx_HAL_Driver/Src/stm32f4xx_hal_i2c.o
 .debug_aranges
                0x00000000000007d8      0x108 ./Drivers/STM32F4xx_HAL_Driver/Src/stm32f4xx_hal_i2s.o
 .debug_aranges
                0x00000000000008e0       0x88 ./Drivers/STM32F4xx_HAL_Driver/Src/stm32f4xx_hal_i2s_ex.o
 .debug_aranges
                0x0000000000000968       0x88 ./Drivers/STM32F4xx_HAL_Driver/Src/stm32f4xx_hal_rcc.o
 .debug_aranges
                0x00000000000009f0       0x48 ./Drivers/STM32F4xx_HAL_Driver/Src/stm32f4xx_hal_rcc_ex.o
 .debug_aranges
                0x0000000000000a38      0x200 ./Drivers/STM32F4xx_HAL_Driver/Src/stm32f4xx_hal_uart.o

.debug_ranges   0x0000000000000000      0xb38
 .debug_ranges  0x0000000000000000       0x18 ./Core/Src/audio.o
 .debug_ranges  0x0000000000000018       0x10 ./Core/Src/dma.o
 .debug_ranges  0x0000000000000028       0x10 ./Core/Src/gpio.o
 .debug_ranges  0x0000000000000038       0x20 ./Core/Src/i2c.o
 .debug_ranges  0x0000000000000058       0x20 ./Core/Src/i2s.o
 .debug_ranges  0x0000000000000078       0x20 ./Core/Src/main.o
 .debug_ranges  0x0000000000000098       0x18 ./Core/Src/signals.o
 .debug_ranges  0x00000000000000b0       0x10 ./Core/Src/stm32f4xx_hal_msp.o
 .debug_ranges  0x00000000000000c0       0x60 ./Core/Src/stm32f4xx_it.o
 .debug_ranges  0x0000000000000120       0x18 ./Core/Src/system_stm32f4xx.o
 .debug_ranges  0x0000000000000138       0x38 ./Core/Src/usart.o
 .debug_ranges  0x0000000000000170       0x20 ./Core/Startup/startup_stm32f407vgtx.o
 .debug_ranges  0x0000000000000190       0xe0 ./Drivers/STM32F4xx_HAL_Driver/Src/stm32f4xx_hal.o
 .debug_ranges  0x0000000000000270      0x108 ./Drivers/STM32F4xx_HAL_Driver/Src/stm32f4xx_hal_cortex.o
 .debug_ranges  0x0000000000000378       0x80 ./Drivers/STM32F4xx_HAL_Driver/Src/stm32f4xx_hal_dma.o
 .debug_ranges  0x00000000000003f8       0x48 ./Drivers/STM32F4xx_HAL_Driver/Src/stm32f4xx_hal_gpio.o
 .debug_ranges  0x0000000000000440      0x2b8 ./Drivers/STM32F4xx_HAL_Driver/Src/stm32f4xx_hal_i2c.o
 .debug_ranges  0x00000000000006f8       0xf8 ./Drivers/STM32F4xx_HAL_Driver/Src/stm32f4xx_hal_i2s.o
 .debug_ranges  0x00000000000007f0       0x78 ./Drivers/STM32F4xx_HAL_Driver/Src/stm32f4xx_hal_i2s_ex.o
 .debug_ranges  0x0000000000000868       0x78 ./Drivers/STM32F4xx_HAL_Driver/Src/stm32f4xx_hal_rcc.o
 .debug_ranges  0x00000000000008e0       0x38 ./Drivers/STM32F4xx_HAL_Driver/Src/stm32f4xx_hal_rcc_ex.o
 .debug_ranges  0x0000000000000918      0x220 ./Drivers/STM32F4xx_HAL_Driver/Src/stm32f4xx_hal_uart.o

.debug_macro    0x0000000000000000    0x21f6d
 .debug_macro   0x0000000000000000      0x219 ./Core/Src/audio.o
 .debug_macro   0x0000000000000219      0xaa8 ./Core/Src/audio.o
 .debug_macro   0x0000000000000cc1       0x16 ./Core/Src/audio.o
 .debug_macro   0x0000000000000cd7      0x2a1 ./Core/Src/audio.o
 .debug_macro   0x0000000000000f78       0x2e ./Core/Src/audio.o
 .debug_macro   0x0000000000000fa6       0x2f ./Core/Src/audio.o
 .debug_macro   0x0000000000000fd5       0x22 ./Core/Src/audio.o
 .debug_macro   0x0000000000000ff7       0x8e ./Core/Src/audio.o
 .debug_macro   0x0000000000001085       0x51 ./Core/Src/audio.o
 .debug_macro   0x00000000000010d6      0x103 ./Core/Src/audio.o
 .debug_macro   0x00000000000011d9       0x6a ./Core/Src/audio.o
 .debug_macro   0x0000000000001243      0x1df ./Core/Src/audio.o
 .debug_macro   0x0000000000001422       0x1c ./Core/Src/audio.o
 .debug_macro   0x000000000000143e       0x22 ./Core/Src/audio.o
 .debug_macro   0x0000000000001460       0xdf ./Core/Src/audio.o
 .debug_macro   0x000000000000153f     0x102d ./Core/Src/audio.o
 .debug_macro   0x000000000000256c      0x11f ./Core/Src/audio.o
 .debug_macro   0x000000000000268b    0x15e58 ./Core/Src/audio.o
 .debug_macro   0x00000000000184e3       0x6d ./Core/Src/audio.o
 .debug_macro   0x0000000000018550     0x3666 ./Core/Src/audio.o
 .debug_macro   0x000000000001bbb6      0x174 ./Core/Src/audio.o
 .debug_macro   0x000000000001bd2a       0x5c ./Core/Src/audio.o
 .debug_macro   0x000000000001bd86      0x96b ./Core/Src/audio.o
 .debug_macro   0x000000000001c6f1      0x9fe ./Core/Src/audio.o
 .debug_macro   0x000000000001d0ef      0x116 ./Core/Src/audio.o
 .debug_macro   0x000000000001d205      0x13e ./Core/Src/audio.o
 .debug_macro   0x000000000001d343       0xa5 ./Core/Src/audio.o
 .debug_macro   0x000000000001d3e8      0x174 ./Core/Src/audio.o
 .debug_macro   0x000000000001d55c      0x287 ./Core/Src/audio.o
 .debug_macro   0x000000000001d7e3       0x5f ./Core/Src/audio.o
 .debug_macro   0x000000000001d842      0x236 ./Core/Src/audio.o
 .debug_macro   0x000000000001da78      0x12c ./Core/Src/audio.o
 .debug_macro   0x000000000001dba4      0x21e ./Core/Src/audio.o
 .debug_macro   0x000000000001ddc2       0x2e ./Core/Src/audio.o
 .debug_macro   0x000000000001ddf0      0x1b5 ./Core/Src/audio.o
 .debug_macro   0x000000000001dfa5       0xd6 ./Core/Src/audio.o
 .debug_macro   0x000000000001e07b      0x1a7 ./Core/Src/audio.o
 .debug_macro   0x000000000001e222       0x46 ./Core/Src/audio.o
 .debug_macro   0x000000000001e268       0x4a ./Core/Src/audio.o
 .debug_macro   0x000000000001e2b2      0x11a ./Core/Src/audio.o
 .debug_macro   0x000000000001e3cc       0x7e ./Core/Src/audio.o
 .debug_macro   0x000000000001e44a       0x89 ./Core/Src/audio.o
 .debug_macro   0x000000000001e4d3      0x295 ./Core/Src/audio.o
 .debug_macro   0x000000000001e768      0x12d ./Core/Src/audio.o
 .debug_macro   0x000000000001e895       0x10 ./Core/Src/audio.o
 .debug_macro   0x000000000001e8a5      0x206 ./Core/Src/dma.o
 .debug_macro   0x000000000001eaab      0x206 ./Core/Src/gpio.o
 .debug_macro   0x000000000001ecb1      0x206 ./Core/Src/i2c.o
 .debug_macro   0x000000000001eeb7      0x206 ./Core/Src/i2s.o
 .debug_macro   0x000000000001f0bd      0x30f ./Core/Src/main.o
 .debug_macro   0x000000000001f3cc       0x10 ./Core/Src/main.o
 .debug_macro   0x000000000001f3dc       0x18 ./Core/Src/main.o
 .debug_macro   0x000000000001f3f4       0x52 ./Core/Src/main.o
 .debug_macro   0x000000000001f446       0x3c ./Core/Src/main.o
 .debug_macro   0x000000000001f482       0x34 ./Core/Src/main.o
 .debug_macro   0x000000000001f4b6       0x16 ./Core/Src/main.o
 .debug_macro   0x000000000001f4cc       0x35 ./Core/Src/main.o
 .debug_macro   0x000000000001f501       0x16 ./Core/Src/main.o
 .debug_macro   0x000000000001f517       0x43 ./Core/Src/main.o
 .debug_macro   0x000000000001f55a       0x34 ./Core/Src/main.o
 .debug_macro   0x000000000001f58e       0x10 ./Core/Src/main.o
 .debug_macro   0x000000000001f59e       0x58 ./Core/Src/main.o
 .debug_macro   0x000000000001f5f6       0x71 ./Core/Src/main.o
 .debug_macro   0x000000000001f667       0x1c ./Core/Src/main.o
 .debug_macro   0x000000000001f683      0x12a ./Core/Src/main.o
 .debug_macro   0x000000000001f7ad      0x333 ./Core/Src/main.o
 .debug_macro   0x000000000001fae0       0x16 ./Core/Src/main.o
 .debug_macro   0x000000000001faf6       0x29 ./Core/Src/main.o
 .debug_macro   0x000000000001fb1f       0xee ./Core/Src/main.o
 .debug_macro   0x000000000001fc0d      0x116 ./Core/Src/signals.o
 .debug_macro   0x000000000001fd23       0x4c ./Core/Src/signals.o
 .debug_macro   0x000000000001fd6f       0x94 ./Core/Src/signals.o
 .debug_macro   0x000000000001fe03       0x57 ./Core/Src/signals.o
 .debug_macro   0x000000000001fe5a      0x339 ./Core/Src/signals.o
 .debug_macro   0x0000000000020193      0x1a9 ./Core/Src/signals.o
 .debug_macro   0x000000000002033c      0x1fc ./Core/Src/stm32f4xx_hal_msp.o
 .debug_macro   0x0000000000020538      0x21a ./Core/Src/stm32f4xx_it.o
 .debug_macro   0x0000000000020752      0x1ed ./Core/Src/system_stm32f4xx.o
 .debug_macro   0x000000000002093f      0x20c ./Core/Src/usart.o
 .debug_macro   0x0000000000020b4b      0x24d ./Drivers/STM32F4xx_HAL_Driver/Src/stm32f4xx_hal.o
 .debug_macro   0x0000000000020d98      0x1ed ./Drivers/STM32F4xx_HAL_Driver/Src/stm32f4xx_hal_cortex.o
 .debug_macro   0x0000000000020f85      0x1f3 ./Drivers/STM32F4xx_HAL_Driver/Src/stm32f4xx_hal_dma.o
 .debug_macro   0x0000000000021178      0x1f3 ./Drivers/STM32F4xx_HAL_Driver/Src/stm32f4xx_hal_gpio.o
 .debug_macro   0x000000000002136b      0x234 ./Drivers/STM32F4xx_HAL_Driver/Src/stm32f4xx_hal_i2c.o
 .debug_macro   0x000000000002159f      0x1f5 ./Drivers/STM32F4xx_HAL_Driver/Src/stm32f4xx_hal_i2s.o
 .debug_macro   0x0000000000021794      0x1ed ./Drivers/STM32F4xx_HAL_Driver/Src/stm32f4xx_hal_i2s_ex.o
 .debug_macro   0x0000000000021981      0x211 ./Drivers/STM32F4xx_HAL_Driver/Src/stm32f4xx_hal_rcc.o
 .debug_macro   0x0000000000021b92      0x1ed ./Drivers/STM32F4xx_HAL_Driver/Src/stm32f4xx_hal_rcc_ex.o
 .debug_macro   0x0000000000021d7f      0x1ee ./Drivers/STM32F4xx_HAL_Driver/Src/stm32f4xx_hal_uart.o

.debug_line     0x0000000000000000    0x1243b
 .debug_line    0x0000000000000000      0x780 ./Core/Src/audio.o
 .debug_line    0x0000000000000780      0x6cf ./Core/Src/dma.o
 .debug_line    0x0000000000000e4f      0x6f1 ./Core/Src/gpio.o
 .debug_line    0x0000000000001540      0x73d ./Core/Src/i2c.o
 .debug_line    0x0000000000001c7d      0x790 ./Core/Src/i2s.o
 .debug_line    0x000000000000240d      0x9c8 ./Core/Src/main.o
 .debug_line    0x0000000000002dd5      0x53d ./Core/Src/signals.o
 .debug_line    0x0000000000003312      0x6d3 ./Core/Src/stm32f4xx_hal_msp.o
 .debug_line    0x00000000000039e5      0x7d2 ./Core/Src/stm32f4xx_it.o
 .debug_line    0x00000000000041b7      0x755 ./Core/Src/system_stm32f4xx.o
 .debug_line    0x000000000000490c      0x7d9 ./Core/Src/usart.o
 .debug_line    0x00000000000050e5       0x88 ./Core/Startup/startup_stm32f407vgtx.o
 .debug_line    0x000000000000516d      0x9bb ./Drivers/STM32F4xx_HAL_Driver/Src/stm32f4xx_hal.o
 .debug_line    0x0000000000005b28      0xc6a ./Drivers/STM32F4xx_HAL_Driver/Src/stm32f4xx_hal_cortex.o
 .debug_line    0x0000000000006792      0xf20 ./Drivers/STM32F4xx_HAL_Driver/Src/stm32f4xx_hal_dma.o
 .debug_line    0x00000000000076b2      0xb31 ./Drivers/STM32F4xx_HAL_Driver/Src/stm32f4xx_hal_gpio.o
 .debug_line    0x00000000000081e3     0x3967 ./Drivers/STM32F4xx_HAL_Driver/Src/stm32f4xx_hal_i2c.o
 .debug_line    0x000000000000bb4a     0x1354 ./Drivers/STM32F4xx_HAL_Driver/Src/stm32f4xx_hal_i2s.o
 .debug_line    0x000000000000ce9e     0x1453 ./Drivers/STM32F4xx_HAL_Driver/Src/stm32f4xx_hal_i2s_ex.o
 .debug_line    0x000000000000e2f1      0xd37 ./Drivers/STM32F4xx_HAL_Driver/Src/stm32f4xx_hal_rcc.o
 .debug_line    0x000000000000f028      0x9d1 ./Drivers/STM32F4xx_HAL_Driver/Src/stm32f4xx_hal_rcc_ex.o
 .debug_line    0x000000000000f9f9     0x2a42 ./Drivers/STM32F4xx_HAL_Driver/Src/stm32f4xx_hal_uart.o

.debug_str      0x0000000000000000    0xc6b77
 .debug_str     0x0000000000000000    0xbf953 ./Core/Src/audio.o
                                      0xbfc36 (size before relaxing)
 .debug_str     0x00000000000bf953      0x5f8 ./Core/Src/dma.o
                                      0xbfc89 (size before relaxing)
 .debug_str     0x00000000000bff4b       0x50 ./Core/Src/gpio.o
                                      0xbf83b (size before relaxing)
 .debug_str     0x00000000000bff9b       0x71 ./Core/Src/i2c.o
                                      0xbfd3b (size before relaxing)
 .debug_str     0x00000000000c000c      0x287 ./Core/Src/i2s.o
                                      0xbfd16 (size before relaxing)
 .debug_str     0x00000000000c0293     0x37ba ./Core/Src/main.o
                                      0xc36df (size before relaxing)
 .debug_str     0x00000000000c3a4d      0x86b ./Core/Src/signals.o
                                       0x7ca9 (size before relaxing)
 .debug_str     0x00000000000c42b8       0x2c ./Core/Src/stm32f4xx_hal_msp.o
                                      0xbf79e (size before relaxing)
 .debug_str     0x00000000000c42e4       0xe7 ./Core/Src/stm32f4xx_it.o
                                      0xbfbe7 (size before relaxing)
 .debug_str     0x00000000000c43cb       0xaf ./Core/Src/system_stm32f4xx.o
                                      0xbf7d5 (size before relaxing)
 .debug_str     0x00000000000c447a       0x99 ./Core/Src/usart.o
                                      0xc020b (size before relaxing)
 .debug_str     0x00000000000c4513       0x36 ./Core/Startup/startup_stm32f407vgtx.o
                                         0x6d (size before relaxing)
 .debug_str     0x00000000000c4549      0x58d ./Drivers/STM32F4xx_HAL_Driver/Src/stm32f4xx_hal.o
                                      0xc02b7 (size before relaxing)
 .debug_str     0x00000000000c4ad6      0x399 ./Drivers/STM32F4xx_HAL_Driver/Src/stm32f4xx_hal_cortex.o
                                      0xc00a6 (size before relaxing)
 .debug_str     0x00000000000c4e6f      0x322 ./Drivers/STM32F4xx_HAL_Driver/Src/stm32f4xx_hal_dma.o
                                      0xbfbff (size before relaxing)
 .debug_str     0x00000000000c5191      0x15f ./Drivers/STM32F4xx_HAL_Driver/Src/stm32f4xx_hal_gpio.o
                                      0xbf97c (size before relaxing)
 .debug_str     0x00000000000c52f0      0xac3 ./Drivers/STM32F4xx_HAL_Driver/Src/stm32f4xx_hal_i2c.o
                                      0xc0757 (size before relaxing)
 .debug_str     0x00000000000c5db3      0x281 ./Drivers/STM32F4xx_HAL_Driver/Src/stm32f4xx_hal_i2s.o
                                      0xbfd9e (size before relaxing)
 .debug_str     0x00000000000c6034      0x1f1 ./Drivers/STM32F4xx_HAL_Driver/Src/stm32f4xx_hal_i2s_ex.o
                                      0xbfcdc (size before relaxing)
 .debug_str     0x00000000000c6225      0x24e ./Drivers/STM32F4xx_HAL_Driver/Src/stm32f4xx_hal_rcc.o
                                      0xbfbd7 (size before relaxing)
 .debug_str     0x00000000000c6473      0x109 ./Drivers/STM32F4xx_HAL_Driver/Src/stm32f4xx_hal_rcc_ex.o
                                      0xbf91f (size before relaxing)
 .debug_str     0x00000000000c657c      0x5fb ./Drivers/STM32F4xx_HAL_Driver/Src/stm32f4xx_hal_uart.o
                                      0xc015d (size before relaxing)

.comment        0x0000000000000000       0x53
 .comment       0x0000000000000000       0x53 ./Core/Src/audio.o
                                         0x54 (size before relaxing)
 .comment       0x0000000000000053       0x54 ./Core/Src/dma.o
 .comment       0x0000000000000053       0x54 ./Core/Src/gpio.o
 .comment       0x0000000000000053       0x54 ./Core/Src/i2c.o
 .comment       0x0000000000000053       0x54 ./Core/Src/i2s.o
 .comment       0x0000000000000053       0x54 ./Core/Src/main.o
 .comment       0x0000000000000053       0x54 ./Core/Src/signals.o
 .comment       0x0000000000000053       0x54 ./Core/Src/stm32f4xx_hal_msp.o
 .comment       0x0000000000000053       0x54 ./Core/Src/stm32f4xx_it.o
 .comment       0x0000000000000053       0x54 ./Core/Src/system_stm32f4xx.o
 .comment       0x0000000000000053       0x54 ./Core/Src/usart.o
 .comment       0x0000000000000053       0x54 ./Drivers/STM32F4xx_HAL_Driver/Src/stm32f4xx_hal.o
 .comment       0x0000000000000053       0x54 ./Drivers/STM32F4xx_HAL_Driver/Src/stm32f4xx_hal_cortex.o
 .comment       0x0000000000000053       0x54 ./Drivers/STM32F4xx_HAL_Driver/Src/stm32f4xx_hal_dma.o
 .comment       0x0000000000000053       0x54 ./Drivers/STM32F4xx_HAL_Driver/Src/stm32f4xx_hal_gpio.o
 .comment       0x0000000000000053       0x54 ./Drivers/STM32F4xx_HAL_Driver/Src/stm32f4xx_hal_i2c.o
 .comment       0x0000000000000053       0x54 ./Drivers/STM32F4xx_HAL_Driver/Src/stm32f4xx_hal_i2s.o
 .comment       0x0000000000000053       0x54 ./Drivers/STM32F4xx_HAL_Driver/Src/stm32f4xx_hal_i2s_ex.o
 .comment       0x0000000000000053       0x54 ./Drivers/STM32F4xx_HAL_Driver/Src/stm32f4xx_hal_rcc.o
 .comment       0x0000000000000053       0x54 ./Drivers/STM32F4xx_HAL_Driver/Src/stm32f4xx_hal_rcc_ex.o
 .comment       0x0000000000000053       0x54 ./Drivers/STM32F4xx_HAL_Driver/Src/stm32f4xx_hal_uart.o

.debug_frame    0x0000000000000000     0x3440
 .debug_frame   0x0000000000000000       0x54 ./Core/Src/audio.o
 .debug_frame   0x0000000000000054       0x34 ./Core/Src/dma.o
 .debug_frame   0x0000000000000088       0x34 ./Core/Src/gpio.o
 .debug_frame   0x00000000000000bc       0x74 ./Core/Src/i2c.o
 .debug_frame   0x0000000000000130       0x74 ./Core/Src/i2s.o
 .debug_frame   0x00000000000001a4       0x6c ./Core/Src/main.o
 .debug_frame   0x0000000000000210       0x54 ./Core/Src/signals.o
 .debug_frame   0x0000000000000264       0x38 ./Core/Src/stm32f4xx_hal_msp.o
 .debug_frame   0x000000000000029c      0x13c ./Core/Src/stm32f4xx_it.o
 .debug_frame   0x00000000000003d8       0x58 ./Core/Src/system_stm32f4xx.o
 .debug_frame   0x0000000000000430       0xe4 ./Core/Src/usart.o
 .debug_frame   0x0000000000000514      0x374 ./Drivers/STM32F4xx_HAL_Driver/Src/stm32f4xx_hal.o
 .debug_frame   0x0000000000000888      0x498 ./Drivers/STM32F4xx_HAL_Driver/Src/stm32f4xx_hal_cortex.o
 .debug_frame   0x0000000000000d20      0x250 ./Drivers/STM32F4xx_HAL_Driver/Src/stm32f4xx_hal_dma.o
 .debug_frame   0x0000000000000f70      0x14c ./Drivers/STM32F4xx_HAL_Driver/Src/stm32f4xx_hal_gpio.o
 .debug_frame   0x00000000000010bc      0xc5c ./Drivers/STM32F4xx_HAL_Driver/Src/stm32f4xx_hal_i2c.o
 .debug_frame   0x0000000000001d18      0x484 ./Drivers/STM32F4xx_HAL_Driver/Src/stm32f4xx_hal_i2s.o
 .debug_frame   0x000000000000219c      0x220 ./Drivers/STM32F4xx_HAL_Driver/Src/stm32f4xx_hal_i2s_ex.o
 .debug_frame   0x00000000000023bc      0x1f0 ./Drivers/STM32F4xx_HAL_Driver/Src/stm32f4xx_hal_rcc.o
 .debug_frame   0x00000000000025ac       0xf0 ./Drivers/STM32F4xx_HAL_Driver/Src/stm32f4xx_hal_rcc_ex.o
 .debug_frame   0x000000000000269c      0x92c ./Drivers/STM32F4xx_HAL_Driver/Src/stm32f4xx_hal_uart.o
 .debug_frame   0x0000000000002fc8       0x2c /opt/st/stm32cubeide_1.7.0/plugins/com.st.stm32cube.ide.mcu.externaltools.gnu-tools-for-stm32.9-2020-q2-update.linux64_2.0.0.202105311346/tools/bin/../lib/gcc/arm-none-eabi/9.3.1/../../../../arm-none-eabi/lib/thumb/v7e-m+fp/hard/libc_nano.a(lib_a-init.o)
 .debug_frame   0x0000000000002ff4       0x20 /opt/st/stm32cubeide_1.7.0/plugins/com.st.stm32cube.ide.mcu.externaltools.gnu-tools-for-stm32.9-2020-q2-update.linux64_2.0.0.202105311346/tools/bin/../lib/gcc/arm-none-eabi/9.3.1/../../../../arm-none-eabi/lib/thumb/v7e-m+fp/hard/libc_nano.a(lib_a-memset.o)
 .debug_frame   0x0000000000003014       0x2c /opt/st/stm32cubeide_1.7.0/plugins/com.st.stm32cube.ide.mcu.externaltools.gnu-tools-for-stm32.9-2020-q2-update.linux64_2.0.0.202105311346/tools/bin/../lib/gcc/arm-none-eabi/9.3.1/../../../../arm-none-eabi/lib/thumb/v7e-m+fp/hard/libm.a(lib_a-s_sin.o)
 .debug_frame   0x0000000000003040       0x50 /opt/st/stm32cubeide_1.7.0/plugins/com.st.stm32cube.ide.mcu.externaltools.gnu-tools-for-stm32.9-2020-q2-update.linux64_2.0.0.202105311346/tools/bin/../lib/gcc/arm-none-eabi/9.3.1/../../../../arm-none-eabi/lib/thumb/v7e-m+fp/hard/libm.a(lib_a-e_rem_pio2.o)
 .debug_frame   0x0000000000003090       0x3c /opt/st/stm32cubeide_1.7.0/plugins/com.st.stm32cube.ide.mcu.externaltools.gnu-tools-for-stm32.9-2020-q2-update.linux64_2.0.0.202105311346/tools/bin/../lib/gcc/arm-none-eabi/9.3.1/../../../../arm-none-eabi/lib/thumb/v7e-m+fp/hard/libm.a(lib_a-k_cos.o)
 .debug_frame   0x00000000000030cc       0x54 /opt/st/stm32cubeide_1.7.0/plugins/com.st.stm32cube.ide.mcu.externaltools.gnu-tools-for-stm32.9-2020-q2-update.linux64_2.0.0.202105311346/tools/bin/../lib/gcc/arm-none-eabi/9.3.1/../../../../arm-none-eabi/lib/thumb/v7e-m+fp/hard/libm.a(lib_a-k_rem_pio2.o)
 .debug_frame   0x0000000000003120       0x5c /opt/st/stm32cubeide_1.7.0/plugins/com.st.stm32cube.ide.mcu.externaltools.gnu-tools-for-stm32.9-2020-q2-update.linux64_2.0.0.202105311346/tools/bin/../lib/gcc/arm-none-eabi/9.3.1/../../../../arm-none-eabi/lib/thumb/v7e-m+fp/hard/libm.a(lib_a-k_sin.o)
 .debug_frame   0x000000000000317c       0x20 /opt/st/stm32cubeide_1.7.0/plugins/com.st.stm32cube.ide.mcu.externaltools.gnu-tools-for-stm32.9-2020-q2-update.linux64_2.0.0.202105311346/tools/bin/../lib/gcc/arm-none-eabi/9.3.1/../../../../arm-none-eabi/lib/thumb/v7e-m+fp/hard/libm.a(lib_a-s_fabs.o)
 .debug_frame   0x000000000000319c       0x30 /opt/st/stm32cubeide_1.7.0/plugins/com.st.stm32cube.ide.mcu.externaltools.gnu-tools-for-stm32.9-2020-q2-update.linux64_2.0.0.202105311346/tools/bin/../lib/gcc/arm-none-eabi/9.3.1/../../../../arm-none-eabi/lib/thumb/v7e-m+fp/hard/libm.a(lib_a-s_floor.o)
 .debug_frame   0x00000000000031cc       0x2c /opt/st/stm32cubeide_1.7.0/plugins/com.st.stm32cube.ide.mcu.externaltools.gnu-tools-for-stm32.9-2020-q2-update.linux64_2.0.0.202105311346/tools/bin/../lib/gcc/arm-none-eabi/9.3.1/../../../../arm-none-eabi/lib/thumb/v7e-m+fp/hard/libm.a(lib_a-s_scalbn.o)
 .debug_frame   0x00000000000031f8       0x30 /opt/st/stm32cubeide_1.7.0/plugins/com.st.stm32cube.ide.mcu.externaltools.gnu-tools-for-stm32.9-2020-q2-update.linux64_2.0.0.202105311346/tools/bin/../lib/gcc/arm-none-eabi/9.3.1/thumb/v7e-m+fp/hard/libgcc.a(_arm_muldf3.o)
 .debug_frame   0x0000000000003228       0xac /opt/st/stm32cubeide_1.7.0/plugins/com.st.stm32cube.ide.mcu.externaltools.gnu-tools-for-stm32.9-2020-q2-update.linux64_2.0.0.202105311346/tools/bin/../lib/gcc/arm-none-eabi/9.3.1/thumb/v7e-m+fp/hard/libgcc.a(_arm_addsubdf3.o)
 .debug_frame   0x00000000000032d4       0xc4 /opt/st/stm32cubeide_1.7.0/plugins/com.st.stm32cube.ide.mcu.externaltools.gnu-tools-for-stm32.9-2020-q2-update.linux64_2.0.0.202105311346/tools/bin/../lib/gcc/arm-none-eabi/9.3.1/thumb/v7e-m+fp/hard/libgcc.a(_arm_cmpdf2.o)
 .debug_frame   0x0000000000003398       0x24 /opt/st/stm32cubeide_1.7.0/plugins/com.st.stm32cube.ide.mcu.externaltools.gnu-tools-for-stm32.9-2020-q2-update.linux64_2.0.0.202105311346/tools/bin/../lib/gcc/arm-none-eabi/9.3.1/thumb/v7e-m+fp/hard/libgcc.a(_arm_fixdfsi.o)
 .debug_frame   0x00000000000033bc       0x24 /opt/st/stm32cubeide_1.7.0/plugins/com.st.stm32cube.ide.mcu.externaltools.gnu-tools-for-stm32.9-2020-q2-update.linux64_2.0.0.202105311346/tools/bin/../lib/gcc/arm-none-eabi/9.3.1/thumb/v7e-m+fp/hard/libgcc.a(_arm_fixunsdfsi.o)
 .debug_frame   0x00000000000033e0       0x2c /opt/st/stm32cubeide_1.7.0/plugins/com.st.stm32cube.ide.mcu.externaltools.gnu-tools-for-stm32.9-2020-q2-update.linux64_2.0.0.202105311346/tools/bin/../lib/gcc/arm-none-eabi/9.3.1/thumb/v7e-m+fp/hard/libgcc.a(_aeabi_uldivmod.o)
 .debug_frame   0x000000000000340c       0x34 /opt/st/stm32cubeide_1.7.0/plugins/com.st.stm32cube.ide.mcu.externaltools.gnu-tools-for-stm32.9-2020-q2-update.linux64_2.0.0.202105311346/tools/bin/../lib/gcc/arm-none-eabi/9.3.1/thumb/v7e-m+fp/hard/libgcc.a(_udivmoddi4.o)
